This is pdfTeX, Version 3.141592653-2.6-1.40.27 (TeX Live 2026/dev/Arch Linux) (preloaded format=pdflatex 2025.11.11)  16 JAN 2026 20:57
entering extended mode
 \write18 enabled.
 file:line:error style messages enabled.
 %&-line parsing enabled.
**homework.tex
(./homework.tex
LaTeX2e <2024-11-01> patch level 2
L3 programming layer <2025-01-18>
(/usr/share/texmf-dist/tex/latex/base/article.cls
Document Class: article 2024/06/29 v1.4n Standard LaTeX document class
(/usr/share/texmf-dist/tex/latex/base/size10.clo
File: size10.clo 2024/06/29 v1.4n Standard LaTeX file (size option)
)
\c@part=\count196
\c@section=\count197
\c@subsection=\count198
\c@subsubsection=\count199
\c@paragraph=\count266
\c@subparagraph=\count267
\c@figure=\count268
\c@table=\count269
\abovecaptionskip=\skip49
\belowcaptionskip=\skip50
\bibindent=\dimen141
) (/usr/share/texmf-dist/tex/latex/tools/bm.sty
Package: bm 2023/12/19 v1.2f Bold Symbol Support (DPC/FMi)
\symboldoperators=\mathgroup4
\symboldletters=\mathgroup5
\symboldsymbols=\mathgroup6
Package bm Info: No bold for \OMX/cmex/m/n, using \pmb.
LaTeX Font Info:    Redeclaring math alphabet \mathbf on input line 149.
) (/usr/share/texmf-dist/tex/latex/amsmath/amsmath.sty
Package: amsmath 2024/11/05 v2.17t AMS math features
\@mathmargin=\skip51

For additional information on amsmath, use the `?' option.
(/usr/share/texmf-dist/tex/latex/amsmath/amstext.sty
Package: amstext 2021/08/26 v2.01 AMS text
 (/usr/share/texmf-dist/tex/latex/amsmath/amsgen.sty
File: amsgen.sty 1999/11/30 v2.0 generic functions
\@emptytoks=\toks17
\ex@=\dimen142
)) (/usr/share/texmf-dist/tex/latex/amsmath/amsbsy.sty
Package: amsbsy 1999/11/29 v1.2d Bold Symbols
LaTeX Info: Redefining \boldsymbol on input line 28.
\pmbraise@=\dimen143
) (/usr/share/texmf-dist/tex/latex/amsmath/amsopn.sty
Package: amsopn 2022/04/08 v2.04 operator names
)
\inf@bad=\count270
LaTeX Info: Redefining \frac on input line 233.
\uproot@=\count271
\leftroot@=\count272
LaTeX Info: Redefining \overline on input line 398.
LaTeX Info: Redefining \colon on input line 409.
\classnum@=\count273
\DOTSCASE@=\count274
LaTeX Info: Redefining \ldots on input line 495.
LaTeX Info: Redefining \dots on input line 498.
LaTeX Info: Redefining \cdots on input line 619.
\Mathstrutbox@=\box52
\strutbox@=\box53
LaTeX Info: Redefining \big on input line 721.
LaTeX Info: Redefining \Big on input line 722.
LaTeX Info: Redefining \bigg on input line 723.
LaTeX Info: Redefining \Bigg on input line 724.
\big@size=\dimen144
LaTeX Font Info:    Redeclaring font encoding OML on input line 742.
LaTeX Font Info:    Redeclaring font encoding OMS on input line 743.
\macc@depth=\count275
LaTeX Info: Redefining \bmod on input line 904.
LaTeX Info: Redefining \pmod on input line 909.
LaTeX Info: Redefining \smash on input line 939.
LaTeX Info: Redefining \relbar on input line 969.
LaTeX Info: Redefining \Relbar on input line 970.
\c@MaxMatrixCols=\count276
\dotsspace@=\muskip17
\c@parentequation=\count277
\dspbrk@lvl=\count278
\tag@help=\toks18
\row@=\count279
\column@=\count280
\maxfields@=\count281
\andhelp@=\toks19
\eqnshift@=\dimen145
\alignsep@=\dimen146
\tagshift@=\dimen147
\tagwidth@=\dimen148
\totwidth@=\dimen149
\lineht@=\dimen150
\@envbody=\toks20
\multlinegap=\skip52
\multlinetaggap=\skip53
\mathdisplay@stack=\toks21
LaTeX Info: Redefining \[ on input line 2953.
LaTeX Info: Redefining \] on input line 2954.
) (/usr/share/texmf-dist/tex/latex/tensor/tensor.sty
Package: tensor 2023/07/18 v2.2 tensor indices package (PGR)
\tnsr@Sps=\toks22
\tnsr@Sbs=\toks23
\tnsr@Spe=\toks24
\tnsr@Sbe=\toks25
\ncld@Mno=\toks26
) (/usr/share/texmf-dist/tex/latex/amsfonts/amssymb.sty
Package: amssymb 2013/01/14 v3.01 AMS font symbols
 (/usr/share/texmf-dist/tex/latex/amsfonts/amsfonts.sty
Package: amsfonts 2013/01/14 v3.01 Basic AMSFonts support
\symAMSa=\mathgroup7
\symAMSb=\mathgroup8
LaTeX Font Info:    Redeclaring math symbol \hbar on input line 98.
LaTeX Font Info:    Overwriting math alphabet `\mathfrak' in version `bold'
(Font)                  U/euf/m/n --> U/euf/b/n on input line 106.
)) (/usr/share/texmf-dist/tex/latex/amscls/amsthm.sty
Package: amsthm 2020/05/29 v2.20.6
\thm@style=\toks27
\thm@bodyfont=\toks28
\thm@headfont=\toks29
\thm@notefont=\toks30
\thm@headpunct=\toks31
\thm@preskip=\skip54
\thm@postskip=\skip55
\thm@headsep=\skip56
\dth@everypar=\toks32
) (/usr/share/texmf-dist/tex/latex/xcolor/xcolor.sty
Package: xcolor 2024/09/29 v3.02 LaTeX color extensions (UK)
 (/usr/share/texmf-dist/tex/latex/graphics-cfg/color.cfg
File: color.cfg 2016/01/02 v1.6 sample color configuration
)
Package xcolor Info: Driver file: pdftex.def on input line 274.
 (/usr/share/texmf-dist/tex/latex/graphics-def/pdftex.def
File: pdftex.def 2024/04/13 v1.2c Graphics/color driver for pdftex
) (/usr/share/texmf-dist/tex/latex/graphics/mathcolor.ltx)
Package xcolor Info: Model `cmy' substituted by `cmy0' on input line 1349.
Package xcolor Info: Model `hsb' substituted by `rgb' on input line 1353.
Package xcolor Info: Model `RGB' extended on input line 1365.
Package xcolor Info: Model `HTML' substituted by `rgb' on input line 1367.
Package xcolor Info: Model `Hsb' substituted by `hsb' on input line 1368.
Package xcolor Info: Model `tHsb' substituted by `hsb' on input line 1369.
Package xcolor Info: Model `HSB' substituted by `hsb' on input line 1370.
Package xcolor Info: Model `Gray' substituted by `gray' on input line 1371.
Package xcolor Info: Model `wave' substituted by `hsb' on input line 1372.
) (/usr/share/texmf-dist/tex/latex/l3backend/l3backend-pdftex.def
File: l3backend-pdftex.def 2024-05-08 L3 backend support: PDF output (pdfTeX)
\l__color_backend_stack_int=\count282
\l__pdf_internal_box=\box54
) (./homework.aux)
\openout1 = `homework.aux'.

LaTeX Font Info:    Checking defaults for OML/cmm/m/it on input line 9.
LaTeX Font Info:    ... okay on input line 9.
LaTeX Font Info:    Checking defaults for OMS/cmsy/m/n on input line 9.
LaTeX Font Info:    ... okay on input line 9.
LaTeX Font Info:    Checking defaults for OT1/cmr/m/n on input line 9.
LaTeX Font Info:    ... okay on input line 9.
LaTeX Font Info:    Checking defaults for T1/cmr/m/n on input line 9.
LaTeX Font Info:    ... okay on input line 9.
LaTeX Font Info:    Checking defaults for TS1/cmr/m/n on input line 9.
LaTeX Font Info:    ... okay on input line 9.
LaTeX Font Info:    Checking defaults for OMX/cmex/m/n on input line 9.
LaTeX Font Info:    ... okay on input line 9.
LaTeX Font Info:    Checking defaults for U/cmr/m/n on input line 9.
LaTeX Font Info:    ... okay on input line 9.
 (/usr/share/texmf-dist/tex/context/base/mkii/supp-pdf.mkii
[Loading MPS to PDF converter (version 2006.09.02).]
\scratchcounter=\count283
\scratchdimen=\dimen151
\scratchbox=\box55
\nofMPsegments=\count284
\nofMParguments=\count285
\everyMPshowfont=\toks33
\MPscratchCnt=\count286
\MPscratchDim=\dimen152
\MPnumerator=\count287
\makeMPintoPDFobject=\count288
\everyMPtoPDFconversion=\toks34
)
LaTeX Font Info:    Trying to load font information for U+msa on input line 11.
 (/usr/share/texmf-dist/tex/latex/amsfonts/umsa.fd
File: umsa.fd 2013/01/14 v3.01 AMS symbols A
)
LaTeX Font Info:    Trying to load font information for U+msb on input line 11.
 (/usr/share/texmf-dist/tex/latex/amsfonts/umsb.fd
File: umsb.fd 2013/01/14 v3.01 AMS symbols B
)

[1

{/var/lib/texmf/fonts/map/pdftex/updmap/pdftex.map}]

[2]

[3]

[4]

[5]

[6]

[7]

[8]
Overfull \hbox (39.58382pt too wide) detected at line 295
[]
 []



[9]

[10]
Overfull \hbox (40.10051pt too wide) in paragraph at lines 338--339
\OT1/cmr/m/n/10 [\OML/cmm/m/it/10 x; p[]\OT1/cmr/m/n/10 ]\OML/cmm/m/it/10   \OT1/cmr/m/n/10 = \OML/cmm/m/it/10 x \OMS/cmsy/m/n/10 ^^B \OML/cmm/m/it/10 p[]  \OMS/cmsy/m/n/10 ^^@ \OML/cmm/m/it/10 p[]\OT1/cmr/m/n/10 (\OML/cmm/m/it/10 x \OT1/cmr/m/n/10 ) = \OML/cmm/m/it/10 in[]p[] $\OT1/cmr/m/n/10 =$^^F[]\OML/cmm/m/it/10 C[]\OT1/cmr/m/n/10 [\OML/cmm/m/it/10 x; p[]\OT1/cmr/m/n/10 ] = [\OML/cmm/m/it/10 x; \OT1/cmr/m/n/10 ^^F[]\OML/cmm/m/it/10 c[]p[]\OT1/cmr/m/n/10 ] = \OML/cmm/m/it/10 i[]\OT1/cmr/m/n/10 ^^F[]\OML/cmm/m/it/10 C[]np[]  \OT1/cmr/m/n/10 =
 []



[11]

[12]
Overfull \hbox (10.14412pt too wide) in paragraph at lines 436--437
[]$\OML/cmm/m/it/10 x[] [] \OT1/cmr/m/n/10 = []([][[]([]\OML/cmm/m/it/10  [] \OT1/cmr/m/n/10 + []\OML/cmm/m/it/10  []\OT1/cmr/m/n/10 )] + [][[]([]\OML/cmm/m/it/10  [] \OT1/cmr/m/n/10 +
 []


Overfull \hbox (33.44345pt too wide) in paragraph at lines 436--437
[]\OML/cmm/m/it/10  []\OT1/cmr/m/n/10 )])$=$[][[]\OML/cmm/m/it/10  [] \OT1/cmr/m/n/10 + 2(\OML/cmm/m/it/10 n \OT1/cmr/m/n/10 + 1)\OML/cmm/m/it/10  [] \OT1/cmr/m/n/10 + 2\OML/cmm/m/it/10 n [] \OT1/cmr/m/n/10 + []\OML/cmm/m/it/10  []\OT1/cmr/m/n/10 ]$ 
 []



[13]
Overfull \hbox (22.74416pt too wide) in paragraph at lines 496--497
[]\OT1/cmr/m/n/10 so $[] = [] \OML/cmm/m/it/10  []\OT1/cmr/m/n/10 ([]\OML/cmm/m/it/10 l[]l[]l[] \OT1/cmr/m/n/10 + \OML/cmm/m/it/10 l[] \OMS/cmsy/m/n/10 ^^@ []\OML/cmm/m/it/10 l[]l[]l[]\OT1/cmr/m/n/10 )\OML/cmm/m/it/10  d\OT1/cmr/m/n/10 
$=$[] + [] \OML/cmm/m/it/10  [][]l[]l[][]m  \OMS/cmsy/m/n/10 ^^@ [][]\OML/cmm/m/it/10 m []l[]l[] d\OT1/cmr/m/n/10 
$=$[]$ 
 []


Overfull \hbox (0.24995pt too wide) in paragraph at lines 520--521
[]$\OML/cmm/m/it/10 e[]Be[] \OT1/cmr/m/n/10 = ^^F[]\OML/cmm/m/it/10 B\OT1/cmr/m/n/10 ^^F[] = ^^F^^F[]\OML/cmm/m/it/10 B[] \OT1/cmr/m/n/10 = ^^F[][]$ 
 []


Overfull \hbox (1.87337pt too wide) in paragraph at lines 530--531
\OT1/cmr/m/n/10 Now con-sider for ant k sat-is-fied $\OML/cmm/m/it/10 F[]$ \OT1/cmr/m/n/10 sat-is-fied :$\OML/cmm/m/it/10 F[] \OT1/cmr/m/n/10 = [](\OMS/cmsy/m/n/10 ^^@\OT1/cmr/m/n/10 1)[][\OML/cmm/m/it/10 A; \OT1/cmr/m/n/10 [\OML/cmm/m/it/10 A; \OT1/cmr/m/n/10 [\OML/cmm/m/it/10 A; :::\OT1/cmr/m/n/10 [\OML/cmm/m/it/10 A; B\OT1/cmr/m/n/10 ]]]] =
 []



[14]
Overfull \hbox (20.01pt too wide) in paragraph at lines 532--533
[]$\OMS/cmsy/m/n/10 ^^@\OML/cmm/m/it/10 a=\OT1/cmr/m/n/10 (\OML/cmm/m/it/10 k \OT1/cmr/m/n/10 + 1)[\OML/cmm/m/it/10 A; F[]\OT1/cmr/m/n/10 ] = [](\OMS/cmsy/m/n/10 ^^@\OT1/cmr/m/n/10 1)[][\OML/cmm/m/it/10 A; \OT1/cmr/m/n/10 [\OML/cmm/m/it/10 A; :::\OT1/cmr/m/n/10 [\OML/cmm/m/it/10 A; B\OT1/cmr/m/n/10 ]]] = ^^F[][]$ 
 []


Overfull \hbox (20.6591pt too wide) in paragraph at lines 534--535
[]\OT1/cmr/m/n/10 and for $[\OML/cmm/m/it/10 A; A[]BA[]\OT1/cmr/m/n/10 ] = [\OML/cmm/m/it/10 A; A[]\OT1/cmr/m/n/10 ]\OML/cmm/m/it/10 BA[] \OT1/cmr/m/n/10 + \OML/cmm/m/it/10 A[]\OT1/cmr/m/n/10 [\OML/cmm/m/it/10 A; BA[]\OT1/cmr/m/n/10 ] = [\OML/cmm/m/it/10 A; A[]\OT1/cmr/m/n/10 ]\OML/cmm/m/it/10 BA[] \OT1/cmr/m/n/10 + \OML/cmm/m/it/10 A[]\OT1/cmr/m/n/10 [\OML/cmm/m/it/10 A; B\OT1/cmr/m/n/10 ]\OML/cmm/m/it/10 A[] \OT1/cmr/m/n/10 +
 []


Overfull \hbox (32.31322pt too wide) in paragraph at lines 534--535
\OML/cmm/m/it/10 A[]B\OT1/cmr/m/n/10 [\OML/cmm/m/it/10 A; A[]\OT1/cmr/m/n/10 ] = \OML/cmm/m/it/10 A[]\OT1/cmr/m/n/10 [\OML/cmm/m/it/10 A; B\OT1/cmr/m/n/10 ]\OML/cmm/m/it/10 A[] \OT1/cmr/m/n/10 = \OML/cmm/m/it/10 A[]BA[] \OMS/cmsy/m/n/10 ^^@ \OML/cmm/m/it/10 A[]BA[] \OT1/cmr/m/n/10 = \OML/cmm/m/it/10 A[]BA[] \OT1/cmr/m/n/10 + (\OMS/cmsy/m/n/10 ^^@\OT1/cmr/m/n/10 1)\OML/cmm/m/it/10 A[]BA[]$\OT1/cmr/m/n/10 so 
 []


Overfull \hbox (24.62282pt too wide) in paragraph at lines 539--541
[]$\OT1/cmr/m/n/10 ^^F[][] = ^^F[][] +
 []


Overfull \hbox (61.13522pt too wide) in paragraph at lines 539--541
\OT1/cmr/m/n/10 ^^F[][] \OMS/cmsy/m/n/10 ^^@ [] ^^@ [] \OT1/cmr/m/n/10 = ^^F[]\OML/cmm/m/it/10 n[][] \OT1/cmr/m/n/10 +
 []


Overfull \hbox (80.32439pt too wide) in paragraph at lines 539--541
\OT1/cmr/m/n/10 have a m$\OMS/cmsy/m/n/10 6\OT1/cmr/m/n/10 = 1$term and 2 and 4 com-bine can have a $\OML/cmm/m/it/10 n \OMS/cmsy/m/n/10 6\OT1/cmr/m/n/10 = 1$ term :$^^F[]\OML/cmm/m/it/10 n[][] \OT1/cmr/m/n/10 +
 []


Overfull \hbox (24.1312pt too wide) in paragraph at lines 539--541
\OT1/cmr/m/n/10 ^^F[]\OML/cmm/m/it/10 m[][]$ \OT1/cmr/m/n/10 so we get sat-is-fied for full k+1 terms : m=0,1,2...,k
 []


Overfull \hbox (12.58612pt too wide) in paragraph at lines 558--559
[]\OT1/cmr/m/n/10 PROVE:$[][] = [][] = [] [] \OML/cmm/m/it/10  []AH  \OMS/cmsy/m/n/10 ^^@ \OML/cmm/m/it/10  []HA  \OT1/cmr/m/n/10 = [](\OML/cmm/m/it/10 E []  []A  \OMS/cmsy/m/n/10 ^^@ \OML/cmm/m/it/10 E []A \OT1/cmr/m/n/10 ) =
 []



[15]

[16]

[17]

[18]
Overfull \hbox (14.69376pt too wide) detected at line 666
[]
 []



[19]
Overfull \hbox (36.39978pt too wide) detected at line 718
[]
 []



[20]
Overfull \vbox (74.54503pt too high) has occurred while \output is active []



[21]
Overfull \hbox (46.9554pt too wide) detected at line 735
[]
 []


Overfull \vbox (10.36877pt too high) has occurred while \output is active []



[22]

[23]
Overfull \hbox (363.45041pt too wide) detected at line 795
[]
 []



[24]

[25]
Overfull \hbox (32.9272pt too wide) detected at line 839
[]
 []



[26]

[27]
Overfull \hbox (11.20656pt too wide) detected at line 903
[]
 []



[28]
Overfull \hbox (51.68391pt too wide) detected at line 933
[]
 []


Overfull \hbox (18.55916pt too wide) detected at line 946
[]
 []



[29]
Overfull \hbox (44.79865pt too wide) detected at line 957
[]
 []



[30]
Overfull \hbox (72.75046pt too wide) detected at line 1038
[]
 []



[31]

[32]
Overfull \hbox (99.18552pt too wide) detected at line 1090
[]
 []



[33]
Overfull \hbox (79.67798pt too wide) detected at line 1108
[]
 []



[34]
Overfull \hbox (32.77321pt too wide) detected at line 1151
[]
 []



[35]

[36]

[37]
Overfull \hbox (17.88242pt too wide) detected at line 1239
[]
 []



[38]

[39]

[40]

[41]
Overfull \hbox (9.26434pt too wide) detected at line 1358
[]
 []



[42]

[43]

[44]

[45] (./homework.aux)
 ***********
LaTeX2e <2024-11-01> patch level 2
L3 programming layer <2025-01-18>
 ***********
 ) 
Here is how much of TeX's memory you used:
 2902 strings out of 475171
 39881 string characters out of 5767094
 464121 words of memory out of 5000000
 25899 multiletter control sequences out of 15000+600000
 564244 words of font info for 56 fonts, out of 8000000 for 9000
 14 hyphenation exceptions out of 8191
 56i,15n,65p,766b,245s stack positions out of 10000i,1000n,20000p,200000b,200000s
</usr/share/texmf-dist/fonts/type1/public/amsfonts/cm/cmbx10.pfb></usr/share/texmf-dist/fonts/type1/public/amsfonts/cm/cmbx12.pfb></usr/share/texmf-dist/fonts/type1/public/amsfonts/cm/cmex10.pfb></usr/share/texmf-dist/fonts/type1/public/amsfonts/cmextra/cmex7.pfb></usr/share/texmf-dist/fonts/type1/public/amsfonts/cm/cmmi10.pfb></usr/share/texmf-dist/fonts/type1/public/amsfonts/cm/cmmi5.pfb></usr/share/texmf-dist/fonts/type1/public/amsfonts/cm/cmmi7.pfb></usr/share/texmf-dist/fonts/type1/public/amsfonts/cm/cmmib10.pfb></usr/share/texmf-dist/fonts/type1/public/amsfonts/cm/cmr10.pfb></usr/share/texmf-dist/fonts/type1/public/amsfonts/cm/cmr5.pfb></usr/share/texmf-dist/fonts/type1/public/amsfonts/cm/cmr7.pfb></usr/share/texmf-dist/fonts/type1/public/amsfonts/cm/cmsy10.pfb></usr/share/texmf-dist/fonts/type1/public/amsfonts/cm/cmsy5.pfb></usr/share/texmf-dist/fonts/type1/public/amsfonts/cm/cmsy7.pfb></usr/share/texmf-dist/fonts/type1/public/amsfonts/cm/cmti10.pfb></usr/share/texmf-dist/fonts/type1/public/amsfonts/symbols/msbm10.pfb></usr/share/texmf-dist/fonts/type1/public/amsfonts/symbols/msbm5.pfb></usr/share/texmf-dist/fonts/type1/public/amsfonts/symbols/msbm7.pfb>
Output written on homework.pdf (45 pages, 306280 bytes).
PDF statistics:
 241 PDF objects out of 1000 (max. 8388607)
 156 compressed objects within 2 object streams
 0 named destinations out of 1000 (max. 500000)
 1 words of extra memory for PDF output out of 10000 (max. 10000000)

