This is XeTeX, Version 3.141592653-2.6-0.999997 (TeX Live 2026/dev/Arch Linux) (preloaded format=xelatex 2025.10.26)  20 NOV 2025 00:34
entering extended mode
 \write18 enabled.
 file:line:error style messages enabled.
 %&-line parsing enabled.
**finalWork_forStudent.tex
(./finalWork_forStudent.tex
LaTeX2e <2024-11-01> patch level 2
L3 programming layer <2025-01-18>
(./IEEEtran.cls
Document Class: IEEEtran 2015/08/26 V1.8b by Michael Shell
-- See the "IEEEtran_HOWTO" manual for usage information.
-- http://www.michaelshell.org/tex/ieeetran/
\@IEEEtrantmpdimenA=\dimen141
\@IEEEtrantmpdimenB=\dimen142
\@IEEEtrantmpdimenC=\dimen143
\@IEEEtrantmpcountA=\count192
\@IEEEtrantmpcountB=\count193
\@IEEEtrantmpcountC=\count194
\@IEEEtrantmptoksA=\toks17
LaTeX Font Info:    Trying to load font information for TU+ppl on input line 503.
LaTeX Font Info:    No file TUppl.fd. on input line 503.

LaTeX Font Warning: Font shape `TU/ppl/m/n' undefined
(Font)              using `TU/lmr/m/n' instead on input line 503.

-- Using IEEE Computer Society mode.
-- Using 8.5in x 11in (letter) paper.
-- Using DVI output.
\@IEEEnormalsizeunitybaselineskip=\dimen144
-- This is a 10 point document.
\CLASSINFOnormalsizebaselineskip=\dimen145
\CLASSINFOnormalsizeunitybaselineskip=\dimen146
\IEEEnormaljot=\dimen147

LaTeX Font Warning: Font shape `TU/ppl/bx/n' undefined
(Font)              using `TU/ppl/m/n' instead on input line 1090.


LaTeX Font Warning: Font shape `TU/ppl/m/it' undefined
(Font)              using `TU/ppl/m/n' instead on input line 1090.


LaTeX Font Warning: Font shape `TU/ppl/bx/it' undefined
(Font)              using `TU/ppl/bx/n' instead on input line 1090.

\IEEEquantizedlength=\dimen148
\IEEEquantizedlengthdiff=\dimen149
\IEEEquantizedtextheightdiff=\dimen150
\IEEEilabelindentA=\dimen151
\IEEEilabelindentB=\dimen152
\IEEEilabelindent=\dimen153
\IEEEelabelindent=\dimen154
\IEEEdlabelindent=\dimen155
\IEEElabelindent=\dimen156
\IEEEiednormlabelsep=\dimen157
\IEEEiedmathlabelsep=\dimen158
\IEEEiedtopsep=\skip49
\c@section=\count195
\c@subsection=\count196
\c@subsubsection=\count197
\c@paragraph=\count198
\c@IEEEsubequation=\count199
\abovecaptionskip=\skip50
\belowcaptionskip=\skip51
\c@figure=\count266
\c@table=\count267
\@IEEEeqnnumcols=\count268
\@IEEEeqncolcnt=\count269
\@IEEEsubeqnnumrollback=\count270
\@IEEEquantizeheightA=\dimen159
\@IEEEquantizeheightB=\dimen160
\@IEEEquantizeheightC=\dimen161
\@IEEEquantizeprevdepth=\dimen162
\@IEEEquantizemultiple=\count271
\@IEEEquantizeboxA=\box52
\@IEEEtmpitemindent=\dimen163
\IEEEPARstartletwidth=\dimen164
\c@IEEEbiography=\count272
\@IEEEtranrubishbin=\box53
)
** ATTENTION: Overriding command lockouts (line 4).
(/usr/share/texmf-dist/tex/latex/cite/cite.sty
LaTeX Info: Redefining \cite on input line 302.
LaTeX Info: Redefining \nocite on input line 332.
Package: cite 2015/02/27  v 5.5
) (/usr/share/texmf-dist/tex/latex/amsmath/amsmath.sty
Package: amsmath 2024/11/05 v2.17t AMS math features
\@mathmargin=\skip52

For additional information on amsmath, use the `?' option.
(/usr/share/texmf-dist/tex/latex/amsmath/amstext.sty
Package: amstext 2021/08/26 v2.01 AMS text
 (/usr/share/texmf-dist/tex/latex/amsmath/amsgen.sty
File: amsgen.sty 1999/11/30 v2.0 generic functions
\@emptytoks=\toks18
\ex@=\dimen165
)) (/usr/share/texmf-dist/tex/latex/amsmath/amsbsy.sty
Package: amsbsy 1999/11/29 v1.2d Bold Symbols
\pmbraise@=\dimen166
) (/usr/share/texmf-dist/tex/latex/amsmath/amsopn.sty
Package: amsopn 2022/04/08 v2.04 operator names
)
\inf@bad=\count273
LaTeX Info: Redefining \frac on input line 233.
\uproot@=\count274
\leftroot@=\count275
LaTeX Info: Redefining \overline on input line 398.
LaTeX Info: Redefining \colon on input line 409.
\classnum@=\count276
\DOTSCASE@=\count277
LaTeX Info: Redefining \ldots on input line 495.
LaTeX Info: Redefining \dots on input line 498.
LaTeX Info: Redefining \cdots on input line 619.
\Mathstrutbox@=\box54
\strutbox@=\box55
LaTeX Info: Redefining \big on input line 721.
LaTeX Info: Redefining \Big on input line 722.
LaTeX Info: Redefining \bigg on input line 723.
LaTeX Info: Redefining \Bigg on input line 724.
\big@size=\dimen167
LaTeX Font Info:    Redeclaring font encoding OML on input line 742.
LaTeX Font Info:    Redeclaring font encoding OMS on input line 743.
\macc@depth=\count278
LaTeX Info: Redefining \bmod on input line 904.
LaTeX Info: Redefining \pmod on input line 909.
LaTeX Info: Redefining \smash on input line 939.
LaTeX Info: Redefining \relbar on input line 969.
LaTeX Info: Redefining \Relbar on input line 970.
\c@MaxMatrixCols=\count279
\dotsspace@=\muskip17
\c@parentequation=\count280
\dspbrk@lvl=\count281
\tag@help=\toks19
\row@=\count282
\column@=\count283
\maxfields@=\count284
\andhelp@=\toks20
\eqnshift@=\dimen168
\alignsep@=\dimen169
\tagshift@=\dimen170
\tagwidth@=\dimen171
\totwidth@=\dimen172
\lineht@=\dimen173
\@envbody=\toks21
\multlinegap=\skip53
\multlinetaggap=\skip54
\mathdisplay@stack=\toks22
LaTeX Info: Redefining \[ on input line 2953.
LaTeX Info: Redefining \] on input line 2954.
) (/usr/share/texmf-dist/tex/latex/amsfonts/amssymb.sty
Package: amssymb 2013/01/14 v3.01 AMS font symbols
 (/usr/share/texmf-dist/tex/latex/amsfonts/amsfonts.sty
Package: amsfonts 2013/01/14 v3.01 Basic AMSFonts support
\symAMSa=\mathgroup4
\symAMSb=\mathgroup5
LaTeX Font Info:    Redeclaring math symbol \hbar on input line 98.
LaTeX Font Info:    Overwriting math alphabet `\mathfrak' in version `bold'
(Font)                  U/euf/m/n --> U/euf/b/n on input line 106.
)) (/usr/share/texmf-dist/tex/latex/algorithms/algorithmic.sty
Invalid UTF-8 byte or sequence at line 11 replaced by U+FFFD.
Package: algorithmic 2009/08/24 v0.1 Document Style `algorithmic'
 (/usr/share/texmf-dist/tex/latex/base/ifthen.sty
Package: ifthen 2024/03/16 v1.1e Standard LaTeX ifthen package (DPC)
) (/usr/share/texmf-dist/tex/latex/graphics/keyval.sty
Package: keyval 2022/05/29 v1.15 key=value parser (DPC)
\KV@toks@=\toks23
)
\c@ALC@unique=\count285
\c@ALC@line=\count286
\c@ALC@rem=\count287
\c@ALC@depth=\count288
\ALC@tlm=\skip55
\algorithmicindent=\skip56
) (/usr/share/texmf-dist/tex/latex/graphics/graphicx.sty
Package: graphicx 2021/09/16 v1.2d Enhanced LaTeX Graphics (DPC,SPQR)
 (/usr/share/texmf-dist/tex/latex/graphics/graphics.sty
Package: graphics 2024/08/06 v1.4g Standard LaTeX Graphics (DPC,SPQR)
 (/usr/share/texmf-dist/tex/latex/graphics/trig.sty
Package: trig 2023/12/02 v1.11 sin cos tan (DPC)
) (/usr/share/texmf-dist/tex/latex/graphics-cfg/graphics.cfg
File: graphics.cfg 2016/06/04 v1.11 sample graphics configuration
)
Package graphics Info: Driver file: xetex.def on input line 106.
 (/usr/share/texmf-dist/tex/latex/graphics-def/xetex.def
File: xetex.def 2022/09/22 v5.0n Graphics/color driver for xetex
))
\Gin@req@height=\dimen174
\Gin@req@width=\dimen175
) (/usr/share/texmf-dist/tex/latex/base/textcomp.sty
Package: textcomp 2024/04/24 v2.1b Standard LaTeX package
) (/usr/share/texmf-dist/tex/latex/xcolor/xcolor.sty
Package: xcolor 2024/09/29 v3.02 LaTeX color extensions (UK)
 (/usr/share/texmf-dist/tex/latex/graphics-cfg/color.cfg
File: color.cfg 2016/01/02 v1.6 sample color configuration
)
Package xcolor Info: Driver file: xetex.def on input line 274.
 (/usr/share/texmf-dist/tex/latex/graphics/mathcolor.ltx)
Package xcolor Info: Model `cmy' substituted by `cmy0' on input line 1349.
Package xcolor Info: Model `RGB' extended on input line 1365.
Package xcolor Info: Model `HTML' substituted by `rgb' on input line 1367.
Package xcolor Info: Model `Hsb' substituted by `hsb' on input line 1368.
Package xcolor Info: Model `tHsb' substituted by `hsb' on input line 1369.
Package xcolor Info: Model `HSB' substituted by `hsb' on input line 1370.
Package xcolor Info: Model `Gray' substituted by `gray' on input line 1371.
Package xcolor Info: Model `wave' substituted by `hsb' on input line 1372.
) (./zh_CN-Adobefonts_external.sty
Package: zh_CN-Adobefonts_external 2015/05/25 zh_CN-Adobefonts_internal Package
 (/usr/share/texmf-dist/tex/latex/fontspec/fontspec.sty (/usr/share/texmf-dist/tex/latex/l3packages/xparse/xparse.sty (/usr/share/texmf-dist/tex/latex/l3kernel/expl3.sty
Package: expl3 2025-01-18 L3 programming layer (loader) 
 (/usr/share/texmf-dist/tex/latex/l3backend/l3backend-xetex.def
File: l3backend-xetex.def 2024-05-08 L3 backend support: XeTeX
\g__graphics_track_int=\count289
\l__pdf_internal_box=\box56
\g__pdf_backend_annotation_int=\count290
\g__pdf_backend_link_int=\count291
))
Package: xparse 2024-08-16 L3 Experimental document command parser
)
Package: fontspec 2024/05/11 v2.9e Font selection for XeLaTeX and LuaLaTeX
 (/usr/share/texmf-dist/tex/latex/fontspec/fontspec-xetex.sty
Package: fontspec-xetex 2024/05/11 v2.9e Font selection for XeLaTeX and LuaLaTeX
\l__fontspec_script_int=\count292
\l__fontspec_language_int=\count293
\l__fontspec_strnum_int=\count294
\l__fontspec_tmp_int=\count295
\l__fontspec_tmpa_int=\count296
\l__fontspec_tmpb_int=\count297
\l__fontspec_tmpc_int=\count298
\l__fontspec_em_int=\count299
\l__fontspec_emdef_int=\count300
\l__fontspec_strong_int=\count301
\l__fontspec_strongdef_int=\count302
\l__fontspec_tmpa_dim=\dimen176
\l__fontspec_tmpb_dim=\dimen177
\l__fontspec_tmpc_dim=\dimen178
 (/usr/share/texmf-dist/tex/latex/base/fontenc.sty
Package: fontenc 2021/04/29 v2.0v Standard LaTeX package
) (/usr/share/texmf-dist/tex/latex/fontspec/fontspec.cfg))) (/usr/share/texmf-dist/tex/xelatex/xecjk/xeCJK.sty
Package: xeCJK 2022/08/05 v3.9.1 Typesetting CJK scripts with XeLaTeX
 (/usr/share/texmf-dist/tex/latex/ctex/ctexhook.sty
Package: ctexhook 2022/07/14 v2.5.10 Document and package hooks (CTEX)
) (/usr/share/texmf-dist/tex/latex/l3packages/xtemplate/xtemplate.sty
Package: xtemplate 2024-08-16 L3 Experimental prototype document functions
)
\l__xeCJK_tmp_int=\count303
\l__xeCJK_tmp_box=\box57
\l__xeCJK_tmp_dim=\dimen179
\l__xeCJK_tmp_skip=\skip57
\g__xeCJK_space_factor_int=\count304
\l__xeCJK_begin_int=\count305
\l__xeCJK_end_int=\count306
\c__xeCJK_CJK_class_int=\XeTeXcharclass1
\c__xeCJK_FullLeft_class_int=\XeTeXcharclass2
\c__xeCJK_FullRight_class_int=\XeTeXcharclass3
\c__xeCJK_HalfLeft_class_int=\XeTeXcharclass4
\c__xeCJK_HalfRight_class_int=\XeTeXcharclass5
\c__xeCJK_NormalSpace_class_int=\XeTeXcharclass6
\c__xeCJK_CM_class_int=\XeTeXcharclass7
\c__xeCJK_HangulJamo_class_int=\XeTeXcharclass8
\l__xeCJK_last_skip=\skip58
\c__xeCJK_none_node=\count307
\g__xeCJK_node_int=\count308
\c__xeCJK_CJK_node_dim=\dimen180
\c__xeCJK_CJK-space_node_dim=\dimen181
\c__xeCJK_default_node_dim=\dimen182
\c__xeCJK_CJK-widow_node_dim=\dimen183
\c__xeCJK_normalspace_node_dim=\dimen184
\c__xeCJK_default-space_node_skip=\skip59
\l__xeCJK_ccglue_skip=\skip60
\l__xeCJK_ecglue_skip=\skip61
\l__xeCJK_punct_kern_skip=\skip62
\l__xeCJK_indent_box=\box58
\l__xeCJK_last_penalty_int=\count309
\l__xeCJK_last_bound_dim=\dimen185
\l__xeCJK_last_kern_dim=\dimen186
\l__xeCJK_widow_penalty_int=\count310

LaTeX template Info: Declaring template type 'xeCJK/punctuation' taking 0
(template)           argument(s) on line 2396.

\l__xeCJK_fixed_punct_width_dim=\dimen187
\l__xeCJK_mixed_punct_width_dim=\dimen188
\l__xeCJK_middle_punct_width_dim=\dimen189
\l__xeCJK_fixed_margin_width_dim=\dimen190
\l__xeCJK_mixed_margin_width_dim=\dimen191
\l__xeCJK_middle_margin_width_dim=\dimen192
\l__xeCJK_bound_punct_width_dim=\dimen193
\l__xeCJK_bound_margin_width_dim=\dimen194
\l__xeCJK_margin_minimum_dim=\dimen195
\l__xeCJK_kerning_total_width_dim=\dimen196
\l__xeCJK_same_align_margin_dim=\dimen197
\l__xeCJK_different_align_margin_dim=\dimen198
\l__xeCJK_kerning_margin_width_dim=\dimen199
\l__xeCJK_kerning_margin_minimum_dim=\dimen256
\l__xeCJK_bound_dim=\dimen257
\l__xeCJK_reverse_bound_dim=\dimen258
\l__xeCJK_margin_dim=\dimen259
\l__xeCJK_minimum_bound_dim=\dimen260
\l__xeCJK_kerning_margin_dim=\dimen261
\g__xeCJK_family_int=\count311
\l__xeCJK_fam_int=\count312
\g__xeCJK_fam_allocation_int=\count313
\l__xeCJK_verb_case_int=\count314
\l__xeCJK_verb_exspace_skip=\skip63
 (/usr/share/texmf-dist/tex/xelatex/xecjk/xeCJK.cfg
File: xeCJK.cfg 2022/08/05 v3.9.1 Configuration file for xeCJK package
))

./zh_CN-Adobefonts_external.sty:17: Package fontspec Error: 
(fontspec)                The font "AdobeSongStd-Light" cannot be found;
(fontspec)                this may be but usually is not a fontspec bug.
(fontspec)                Either there is a typo in the font name/file, the
(fontspec)                font is not installed (correctly), or there is a
(fontspec)                bug in the underlying font loading engine
(fontspec)                (XeTeX/luaotfload).

For immediate help type H <return>.
 ...                                              
                                                  
l.17 ]{AdobeSongStd-Light.otf}
                              

A font might not be found for many reasons.
 Check the spelling, where the font is installed etc. etc.

 When in doubt, ask someone for help!



Package fontspec Info: 
(fontspec)             Script 'CJK' not explicitly supported within font
(fontspec)             'AdobeSongStd-Light'. Check the typeset output, and if
(fontspec)             it is okay then ignore this warning. Otherwise a
(fontspec)             different font should be chosen.


./zh_CN-Adobefonts_external.sty:17: Package fontspec Error: 
(fontspec)                The font "AdobeSongStd-Light" cannot be found;
(fontspec)                this may be but usually is not a fontspec bug.
(fontspec)                Either there is a typo in the font name/file, the
(fontspec)                font is not installed (correctly), or there is a
(fontspec)                bug in the underlying font loading engine
(fontspec)                (XeTeX/luaotfload).

For immediate help type H <return>.
 ...                                              
                                                  
l.17 ]{AdobeSongStd-Light.otf}
                              

A font might not be found for many reasons.
 Check the spelling, where the font is installed etc. etc.

 When in doubt, ask someone for help!



./zh_CN-Adobefonts_external.sty:17: Package fontspec Error: 
(fontspec)                The font "AdobeSongStd-Light" cannot be found;
(fontspec)                this may be but usually is not a fontspec bug.
(fontspec)                Either there is a typo in the font name/file, the
(fontspec)                font is not installed (correctly), or there is a
(fontspec)                bug in the underlying font loading engine
(fontspec)                (XeTeX/luaotfload).

For immediate help type H <return>.
 ...                                              
                                                  
l.17 ]{AdobeSongStd-Light.otf}
                              

A font might not be found for many reasons.
 Check the spelling, where the font is installed etc. etc.

 When in doubt, ask someone for help!



./zh_CN-Adobefonts_external.sty:17: Package fontspec Error: 
(fontspec)                The font "AdobeHeitiStd-Regular.otf" cannot be
(fontspec)                found; this may be but usually is not a fontspec
(fontspec)                bug. Either there is a typo in the font name/file,
(fontspec)                the font is not installed (correctly), or there is
(fontspec)                a bug in the underlying font loading engine
(fontspec)                (XeTeX/luaotfload).

For immediate help type H <return>.
 ...                                              
                                                  
l.17 ]{AdobeSongStd-Light.otf}
                              

A font might not be found for many reasons.
 Check the spelling, where the font is installed etc. etc.

 When in doubt, ask someone for help!



./zh_CN-Adobefonts_external.sty:17: Package fontspec Error: 
(fontspec)                The font "AdobeHeitiStd-Regular.otf" cannot be
(fontspec)                found; this may be but usually is not a fontspec
(fontspec)                bug. Either there is a typo in the font name/file,
(fontspec)                the font is not installed (correctly), or there is
(fontspec)                a bug in the underlying font loading engine
(fontspec)                (XeTeX/luaotfload).

For immediate help type H <return>.
 ...                                              
                                                  
l.17 ]{AdobeSongStd-Light.otf}
                              

A font might not be found for many reasons.
 Check the spelling, where the font is installed etc. etc.

 When in doubt, ask someone for help!



./zh_CN-Adobefonts_external.sty:17: Package fontspec Error: 
(fontspec)                The font "AdobeHeitiStd-Regular" cannot be found;
(fontspec)                this may be but usually is not a fontspec bug.
(fontspec)                Either there is a typo in the font name/file, the
(fontspec)                font is not installed (correctly), or there is a
(fontspec)                bug in the underlying font loading engine
(fontspec)                (XeTeX/luaotfload).

For immediate help type H <return>.
 ...                                              
                                                  
l.17 ]{AdobeSongStd-Light.otf}
                              

A font might not be found for many reasons.
 Check the spelling, where the font is installed etc. etc.

 When in doubt, ask someone for help!



./zh_CN-Adobefonts_external.sty:17: Package fontspec Error: 
(fontspec)                The font "AdobeHeitiStd-Regular.otf" cannot be
(fontspec)                found; this may be but usually is not a fontspec
(fontspec)                bug. Either there is a typo in the font name/file,
(fontspec)                the font is not installed (correctly), or there is
(fontspec)                a bug in the underlying font loading engine
(fontspec)                (XeTeX/luaotfload).

For immediate help type H <return>.
 ...                                              
                                                  
l.17 ]{AdobeSongStd-Light.otf}
                              

A font might not be found for many reasons.
 Check the spelling, where the font is installed etc. etc.

 When in doubt, ask someone for help!



./zh_CN-Adobefonts_external.sty:17: Package fontspec Error: 
(fontspec)                The font "AdobeKaitiStd-Regular.otf" cannot be
(fontspec)                found; this may be but usually is not a fontspec
(fontspec)                bug. Either there is a typo in the font name/file,
(fontspec)                the font is not installed (correctly), or there is
(fontspec)                a bug in the underlying font loading engine
(fontspec)                (XeTeX/luaotfload).

For immediate help type H <return>.
 ...                                              
                                                  
l.17 ]{AdobeSongStd-Light.otf}
                              

A font might not be found for many reasons.
 Check the spelling, where the font is installed etc. etc.

 When in doubt, ask someone for help!



./zh_CN-Adobefonts_external.sty:17: Package fontspec Error: 
(fontspec)                The font "AdobeKaitiStd-Regular" cannot be found;
(fontspec)                this may be but usually is not a fontspec bug.
(fontspec)                Either there is a typo in the font name/file, the
(fontspec)                font is not installed (correctly), or there is a
(fontspec)                bug in the underlying font loading engine
(fontspec)                (XeTeX/luaotfload).

For immediate help type H <return>.
 ...                                              
                                                  
l.17 ]{AdobeSongStd-Light.otf}
                              

A font might not be found for many reasons.
 Check the spelling, where the font is installed etc. etc.

 When in doubt, ask someone for help!



./zh_CN-Adobefonts_external.sty:17: Package fontspec Error: 
(fontspec)                The font "AdobeHeitiStd-Regular.otf" cannot be
(fontspec)                found; this may be but usually is not a fontspec
(fontspec)                bug. Either there is a typo in the font name/file,
(fontspec)                the font is not installed (correctly), or there is
(fontspec)                a bug in the underlying font loading engine
(fontspec)                (XeTeX/luaotfload).

For immediate help type H <return>.
 ...                                              
                                                  
l.17 ]{AdobeSongStd-Light.otf}
                              

A font might not be found for many reasons.
 Check the spelling, where the font is installed etc. etc.

 When in doubt, ask someone for help!



Package fontspec Info: 
(fontspec)             Font family 'AdobeSongStd-Light.otf(0)' created for
(fontspec)             font 'AdobeSongStd-Light.otf' with options [Path =
(fontspec)             fonts/zh_CN-Adobe/,Mapping=tex-text,Script={CJK},SmallCapsFont={AdobeHeitiStd-Regular.otf},BoldFont={AdobeHeitiStd-Regular.otf},ItalicFont={AdobeKaitiStd-Regular.otf}].
(fontspec)              
(fontspec)              This font family consists of the following NFSS
(fontspec)             series/shapes:
(fontspec)              
(fontspec)             - 'normal' (m/n) with NFSS spec.:
(fontspec)             <->"[fonts/zh_CN-Adobe/AdobeSongStd-Light.otf]/OT"
(fontspec)             - 'small caps'  (m/sc) with NFSS spec.:
(fontspec)             <->"[fonts/zh_CN-Adobe/AdobeHeitiStd-Regular.otf]/OT"
(fontspec)             - 'bold' (b/n) with NFSS spec.:
(fontspec)             <->"[fonts/zh_CN-Adobe/AdobeHeitiStd-Regular.otf]/OT"
(fontspec)             - 'bold small caps'  (b/sc) with NFSS spec.:
(fontspec)             <->"[fonts/zh_CN-Adobe/AdobeHeitiStd-Regular.otf]/OT"
(fontspec)             - 'italic' (m/it) with NFSS spec.:
(fontspec)             <->"[fonts/zh_CN-Adobe/AdobeKaitiStd-Regular.otf]/OT"
(fontspec)             - 'italic small caps'  (m/scit) with NFSS spec.:
(fontspec)             <->"[fonts/zh_CN-Adobe/AdobeHeitiStd-Regular.otf]/OT"

) (/usr/share/texmf-dist/tex/latex/algorithms/algorithm.sty
Invalid UTF-8 byte or sequence at line 11 replaced by U+FFFD.
Package: algorithm 2009/08/24 v0.1 Document Style `algorithm' - floating environment
 (/usr/share/texmf-dist/tex/latex/float/float.sty
Package: float 2001/11/08 v1.3d Float enhancements (AL)
\c@float@type=\count315
\float@exts=\toks24
\float@box=\box59
\@float@everytoks=\toks25
\@floatcapt=\box60
)
\@float@every@algorithm=\toks26
\c@algorithm=\count316
) (/usr/share/texmf-dist/tex/latex/fancyhdr/fancyhdr.sty
Package: fancyhdr 2025/02/07 v5.2 Extensive control of page headers and footers
\f@nch@headwidth=\skip64
\f@nch@offset@elh=\skip65
\f@nch@offset@erh=\skip66
\f@nch@offset@olh=\skip67
\f@nch@offset@orh=\skip68
\f@nch@offset@elf=\skip69
\f@nch@offset@erf=\skip70
\f@nch@offset@olf=\skip71
\f@nch@offset@orf=\skip72
\f@nch@height=\skip73
\f@nch@footalignment=\skip74
\f@nch@widthL=\skip75
\f@nch@widthC=\skip76
\f@nch@widthR=\skip77
\@temptokenb=\toks27
) (./finalWork_forStudent.aux)
\openout1 = `finalWork_forStudent.aux'.

LaTeX Font Info:    Checking defaults for OML/cmm/m/it on input line 20.
LaTeX Font Info:    ... okay on input line 20.
LaTeX Font Info:    Checking defaults for OMS/cmsy/m/n on input line 20.
LaTeX Font Info:    ... okay on input line 20.
LaTeX Font Info:    Checking defaults for OT1/cmr/m/n on input line 20.
LaTeX Font Info:    ... okay on input line 20.
LaTeX Font Info:    Checking defaults for T1/cmr/m/n on input line 20.
LaTeX Font Info:    ... okay on input line 20.
LaTeX Font Info:    Checking defaults for TS1/cmr/m/n on input line 20.
LaTeX Font Info:    ... okay on input line 20.
LaTeX Font Info:    Checking defaults for TU/lmr/m/n on input line 20.
LaTeX Font Info:    ... okay on input line 20.
LaTeX Font Info:    Checking defaults for OMX/cmex/m/n on input line 20.
LaTeX Font Info:    ... okay on input line 20.
LaTeX Font Info:    Checking defaults for U/cmr/m/n on input line 20.
LaTeX Font Info:    ... okay on input line 20.

-- Lines per column: 61 (exact).

Package fontspec Info: 
(fontspec)             Adjusting the maths setup (use [no-math] to avoid
(fontspec)             this).

\symlegacymaths=\mathgroup6
LaTeX Font Info:    Overwriting symbol font `legacymaths' in version `bold'
(Font)                  OT1/cmr/m/n --> OT1/cmr/bx/n on input line 20.
LaTeX Font Info:    Redeclaring math accent \acute on input line 20.
LaTeX Font Info:    Redeclaring math accent \grave on input line 20.
LaTeX Font Info:    Redeclaring math accent \ddot on input line 20.
LaTeX Font Info:    Redeclaring math accent \tilde on input line 20.
LaTeX Font Info:    Redeclaring math accent \bar on input line 20.
LaTeX Font Info:    Redeclaring math accent \breve on input line 20.
LaTeX Font Info:    Redeclaring math accent \check on input line 20.
LaTeX Font Info:    Redeclaring math accent \hat on input line 20.
LaTeX Font Info:    Redeclaring math accent \dot on input line 20.
LaTeX Font Info:    Redeclaring math accent \mathring on input line 20.
LaTeX Font Info:    Redeclaring math symbol \Gamma on input line 20.
LaTeX Font Info:    Redeclaring math symbol \Delta on input line 20.
LaTeX Font Info:    Redeclaring math symbol \Theta on input line 20.
LaTeX Font Info:    Redeclaring math symbol \Lambda on input line 20.
LaTeX Font Info:    Redeclaring math symbol \Xi on input line 20.
LaTeX Font Info:    Redeclaring math symbol \Pi on input line 20.
LaTeX Font Info:    Redeclaring math symbol \Sigma on input line 20.
LaTeX Font Info:    Redeclaring math symbol \Upsilon on input line 20.
LaTeX Font Info:    Redeclaring math symbol \Phi on input line 20.
LaTeX Font Info:    Redeclaring math symbol \Psi on input line 20.
LaTeX Font Info:    Redeclaring math symbol \Omega on input line 20.
LaTeX Font Info:    Redeclaring math symbol \mathdollar on input line 20.
LaTeX Font Info:    Redeclaring symbol font `operators' on input line 20.
LaTeX Font Info:    Encoding `OT1' has changed to `TU' for symbol font
(Font)              `operators' in the math version `normal' on input line 20.
LaTeX Font Info:    Overwriting symbol font `operators' in version `normal'
(Font)                  OT1/cmr/m/n --> TU/lmr/m/n on input line 20.
LaTeX Font Info:    Encoding `OT1' has changed to `TU' for symbol font
(Font)              `operators' in the math version `bold' on input line 20.
LaTeX Font Info:    Overwriting symbol font `operators' in version `bold'
(Font)                  OT1/cmr/bx/n --> TU/lmr/m/n on input line 20.
LaTeX Font Info:    Overwriting symbol font `operators' in version `normal'
(Font)                  TU/lmr/m/n --> TU/lmr/m/n on input line 20.
LaTeX Font Info:    Overwriting math alphabet `\mathit' in version `normal'
(Font)                  OT1/cmr/m/it --> TU/lmr/m/it on input line 20.
LaTeX Font Info:    Overwriting math alphabet `\mathbf' in version `normal'
(Font)                  OT1/cmr/bx/n --> TU/lmr/b/n on input line 20.
LaTeX Font Info:    Overwriting math alphabet `\mathsf' in version `normal'
(Font)                  OT1/cmss/m/n --> TU/lmss/m/n on input line 20.
LaTeX Font Info:    Overwriting math alphabet `\mathtt' in version `normal'
(Font)                  OT1/cmtt/m/n --> TU/lmtt/m/n on input line 20.
LaTeX Font Info:    Overwriting symbol font `operators' in version `bold'
(Font)                  TU/lmr/m/n --> TU/lmr/b/n on input line 20.
LaTeX Font Info:    Overwriting math alphabet `\mathit' in version `bold'
(Font)                  OT1/cmr/bx/it --> TU/lmr/b/it on input line 20.
LaTeX Font Info:    Overwriting math alphabet `\mathsf' in version `bold'
(Font)                  OT1/cmss/bx/n --> TU/lmss/b/n on input line 20.
LaTeX Font Info:    Overwriting math alphabet `\mathtt' in version `bold'
(Font)                  OT1/cmtt/m/n --> TU/lmtt/b/n on input line 20.

./finalWork_forStudent.tex:22: Package fontspec Error: 
(fontspec)                The font "AdobeKaitiStd-Regular" cannot be found;
(fontspec)                this may be but usually is not a fontspec bug.
(fontspec)                Either there is a typo in the font name/file, the
(fontspec)                font is not installed (correctly), or there is a
(fontspec)                bug in the underlying font loading engine
(fontspec)                (XeTeX/luaotfload).

For immediate help type H <return>.
 ...                                              
                                                  
l.22 \kaishu
            

A font might not be found for many reasons.
 Check the spelling, where the font is installed etc. etc.

 When in doubt, ask someone for help!



Package fontspec Info: 
(fontspec)             Script 'CJK' not explicitly supported within font
(fontspec)             'AdobeKaitiStd-Regular'. Check the typeset output, and
(fontspec)             if it is okay then ignore this warning. Otherwise a
(fontspec)             different font should be chosen.


./finalWork_forStudent.tex:22: Package fontspec Error: 
(fontspec)                The font "AdobeKaitiStd-Regular" cannot be found;
(fontspec)                this may be but usually is not a fontspec bug.
(fontspec)                Either there is a typo in the font name/file, the
(fontspec)                font is not installed (correctly), or there is a
(fontspec)                bug in the underlying font loading engine
(fontspec)                (XeTeX/luaotfload).

For immediate help type H <return>.
 ...                                              
                                                  
l.22 \kaishu
            

A font might not be found for many reasons.
 Check the spelling, where the font is installed etc. etc.

 When in doubt, ask someone for help!



./finalWork_forStudent.tex:22: Package fontspec Error: 
(fontspec)                The font "AdobeKaitiStd-Regular" cannot be found;
(fontspec)                this may be but usually is not a fontspec bug.
(fontspec)                Either there is a typo in the font name/file, the
(fontspec)                font is not installed (correctly), or there is a
(fontspec)                bug in the underlying font loading engine
(fontspec)                (XeTeX/luaotfload).

For immediate help type H <return>.
 ...                                              
                                                  
l.22 \kaishu
            

A font might not be found for many reasons.
 Check the spelling, where the font is installed etc. etc.

 When in doubt, ask someone for help!



Package fontspec Info: 
(fontspec)             Font family 'AdobeKaitiStd-Regular.otf(0)' created for
(fontspec)             font 'AdobeKaitiStd-Regular.otf' with options [Path =
(fontspec)             fonts/zh_CN-Adobe/,Mapping=tex-text,Script={CJK}].
(fontspec)              
(fontspec)              This font family consists of the following NFSS
(fontspec)             series/shapes:
(fontspec)              
(fontspec)             - 'normal' (m/n) with NFSS spec.:
(fontspec)             <->"[fonts/zh_CN-Adobe/AdobeKaitiStd-Regular.otf]/OT"
(fontspec)             - 'small caps'  (m/sc) with NFSS spec.:
(fontspec)             <->"[fonts/zh_CN-Adobe/AdobeKaitiStd-Regular.otf]/OT"


./finalWork_forStudent.tex:24: Package fontspec Error: 
(fontspec)                The font "AdobeHeitiStd-Regular" cannot be found;
(fontspec)                this may be but usually is not a fontspec bug.
(fontspec)                Either there is a typo in the font name/file, the
(fontspec)                font is not installed (correctly), or there is a
(fontspec)                bug in the underlying font loading engine
(fontspec)                (XeTeX/luaotfload).

For immediate help type H <return>.
 ...                                              
                                                  
l.24         \heiti
                   

A font might not be found for many reasons.
 Check the spelling, where the font is installed etc. etc.

 When in doubt, ask someone for help!



Package fontspec Info: 
(fontspec)             Script 'CJK' not explicitly supported within font
(fontspec)             'AdobeHeitiStd-Regular'. Check the typeset output, and
(fontspec)             if it is okay then ignore this warning. Otherwise a
(fontspec)             different font should be chosen.


./finalWork_forStudent.tex:24: Package fontspec Error: 
(fontspec)                The font "AdobeHeitiStd-Regular" cannot be found;
(fontspec)                this may be but usually is not a fontspec bug.
(fontspec)                Either there is a typo in the font name/file, the
(fontspec)                font is not installed (correctly), or there is a
(fontspec)                bug in the underlying font loading engine
(fontspec)                (XeTeX/luaotfload).

For immediate help type H <return>.
 ...                                              
                                                  
l.24         \heiti
                   

A font might not be found for many reasons.
 Check the spelling, where the font is installed etc. etc.

 When in doubt, ask someone for help!



./finalWork_forStudent.tex:24: Package fontspec Error: 
(fontspec)                The font "AdobeHeitiStd-Regular" cannot be found;
(fontspec)                this may be but usually is not a fontspec bug.
(fontspec)                Either there is a typo in the font name/file, the
(fontspec)                font is not installed (correctly), or there is a
(fontspec)                bug in the underlying font loading engine
(fontspec)                (XeTeX/luaotfload).

For immediate help type H <return>.
 ...                                              
                                                  
l.24         \heiti
                   

A font might not be found for many reasons.
 Check the spelling, where the font is installed etc. etc.

 When in doubt, ask someone for help!



Package fontspec Info: 
(fontspec)             Font family 'AdobeHeitiStd-Regular.otf(0)' created for
(fontspec)             font 'AdobeHeitiStd-Regular.otf' with options [Path =
(fontspec)             fonts/zh_CN-Adobe/,Mapping=tex-text,Script={CJK}].
(fontspec)              
(fontspec)              This font family consists of the following NFSS
(fontspec)             series/shapes:
(fontspec)              
(fontspec)             - 'normal' (m/n) with NFSS spec.:
(fontspec)             <->"[fonts/zh_CN-Adobe/AdobeHeitiStd-Regular.otf]/OT"
(fontspec)             - 'small caps'  (m/sc) with NFSS spec.:
(fontspec)             <->"[fonts/zh_CN-Adobe/AdobeHeitiStd-Regular.otf]/OT"

./finalWork_forStudent.tex:27: Font TU/AdobeHeitiStd-Regular.otf(0)/m/n/72=[fonts/zh_CN-Adobe/AdobeHeitiStd-Regular.otf]/OT at 72.0pt not loadable: Metric (TFM) file or installed font not found.
<to be read again> 
                   relax 
l.27             \fontsize{72pt}{0} 武
                                     汉纺织大学\\
I wasn't able to read the size data for this font,
so I will ignore the font specification.
[Wizards can fix TFM files using TFtoPL/PLtoTF.]
You might try inserting a different font spec;
e.g., type `I\font<same font id>=<substitute font name>'.

Missing character: There is no 武 (U+6B66) in font [lmroman10-regular]:mapping=tex-text;!
Missing character: There is no 汉 (U+6C49) in font [lmroman10-regular]:mapping=tex-text;!
Missing character: There is no 纺 (U+7EBA) in font [lmroman10-regular]:mapping=tex-text;!
Missing character: There is no 织 (U+7EC7) in font [lmroman10-regular]:mapping=tex-text;!
Missing character: There is no 大 (U+5927) in font [lmroman10-regular]:mapping=tex-text;!
Missing character: There is no 学 (U+5B66) in font [lmroman10-regular]:mapping=tex-text;!
./finalWork_forStudent.tex:29: Font TU/AdobeHeitiStd-Regular.otf(0)/m/n/48=[fonts/zh_CN-Adobe/AdobeHeitiStd-Regular.otf]/OT at 48.0pt not loadable: Metric (TFM) file or installed font not found.
<to be read again> 
                   relax 
l.29             \fontsize{48pt}{0}{课
                                     \quad 程\quad 大\quad 作\quad 业\quad 模\qua...
I wasn't able to read the size data for this font,
so I will ignore the font specification.
[Wizards can fix TFM files using TFtoPL/PLtoTF.]
You might try inserting a different font spec;
e.g., type `I\font<same font id>=<substitute font name>'.

Missing character: There is no 课 (U+8BFE) in font [lmroman10-regular]:mapping=tex-text;!
Missing character: There is no 程 (U+7A0B) in font [lmroman10-regular]:mapping=tex-text;!
Missing character: There is no 大 (U+5927) in font [lmroman10-regular]:mapping=tex-text;!
Missing character: There is no 作 (U+4F5C) in font [lmroman10-regular]:mapping=tex-text;!
Missing character: There is no 业 (U+4E1A) in font [lmroman10-regular]:mapping=tex-text;!
Missing character: There is no 模 (U+6A21) in font [lmroman10-regular]:mapping=tex-text;!
Missing character: There is no 板 (U+677F) in font [lmroman10-regular]:mapping=tex-text;!
./finalWork_forStudent.tex:32: Font TU/AdobeHeitiStd-Regular.otf(0)/m/n/17.06374=[fonts/zh_CN-Adobe/AdobeHeitiStd-Regular.otf]/OT at 17.06374pt not loadable: Metric (TFM) file or installed font not found.
<to be read again> 
                   relax 
l.32             \LARGE（
                        20\textbf{XX}\~{}20\textbf{XX}学年度\quad 第\textbf{X}学期）\\
I wasn't able to read the size data for this font,
so I will ignore the font specification.
[Wizards can fix TFM files using TFtoPL/PLtoTF.]
You might try inserting a different font spec;
e.g., type `I\font<same font id>=<substitute font name>'.

Missing character: There is no （ (U+FF08) in font [lmroman17-regular]:mapping=tex-text;!
Missing character: There is no 学 (U+5B66) in font [lmroman17-regular]:mapping=tex-text;!
Missing character: There is no 年 (U+5E74) in font [lmroman17-regular]:mapping=tex-text;!
Missing character: There is no 度 (U+5EA6) in font [lmroman17-regular]:mapping=tex-text;!
Missing character: There is no 第 (U+7B2C) in font [lmroman17-regular]:mapping=tex-text;!
Missing character: There is no 学 (U+5B66) in font [lmroman17-regular]:mapping=tex-text;!
Missing character: There is no 期 (U+671F) in font [lmroman17-regular]:mapping=tex-text;!
Missing character: There is no ） (U+FF09) in font [lmroman17-regular]:mapping=tex-text;!
Missing character: There is no 面 (U+9762) in font [lmroman17-regular]:mapping=tex-text;!
Missing character: There is no 向 (U+5411) in font [lmroman17-regular]:mapping=tex-text;!
Missing character: There is no 多 (U+591A) in font [lmroman17-regular]:mapping=tex-text;!
Missing character: There is no 项 (U+9879) in font [lmroman17-regular]:mapping=tex-text;!
Missing character: There is no 式 (U+5F0F) in font [lmroman17-regular]:mapping=tex-text;!
Missing character: There is no 乘 (U+4E58) in font [lmroman17-regular]:mapping=tex-text;!
Missing character: There is no 法 (U+6CD5) in font [lmroman17-regular]:mapping=tex-text;!
Missing character: There is no 问 (U+95EE) in font [lmroman17-regular]:mapping=tex-text;!
Missing character: There is no 题 (U+9898) in font [lmroman17-regular]:mapping=tex-text;!
Missing character: There is no 的 (U+7684) in font [lmroman17-regular]:mapping=tex-text;!
Missing character: There is no 快 (U+5FEB) in font [lmroman17-regular]:mapping=tex-text;!
Missing character: There is no 速 (U+901F) in font [lmroman17-regular]:mapping=tex-text;!
Missing character: There is no 傅 (U+5085) in font [lmroman17-regular]:mapping=tex-text;!
Missing character: There is no 里 (U+91CC) in font [lmroman17-regular]:mapping=tex-text;!
Missing character: There is no 叶 (U+53F6) in font [lmroman17-regular]:mapping=tex-text;!
Missing character: There is no 变 (U+53D8) in font [lmroman17-regular]:mapping=tex-text;!
Missing character: There is no 换 (U+6362) in font [lmroman17-regular]:mapping=tex-text;!
Missing character: There is no 算 (U+7B97) in font [lmroman17-regular]:mapping=tex-text;!
Missing character: There is no 法 (U+6CD5) in font [lmroman17-regular]:mapping=tex-text;!
Missing character: There is no 设 (U+8BBE) in font [lmroman17-regular]:mapping=tex-text;!
Missing character: There is no 计 (U+8BA1) in font [lmroman17-regular]:mapping=tex-text;!
Missing character: There is no 与 (U+4E0E) in font [lmroman17-regular]:mapping=tex-text;!
Missing character: There is no 分 (U+5206) in font [lmroman17-regular]:mapping=tex-text;!
Missing character: There is no 析 (U+6790) in font [lmroman17-regular]:mapping=tex-text;!
./finalWork_forStudent.tex:39: Font TU/AdobeHeitiStd-Regular.otf(0)/m/n/14.05249=[fonts/zh_CN-Adobe/AdobeHeitiStd-Regular.otf]/OT at 14.05249pt not loadable: Metric (TFM) file or installed font not found.
<to be read again> 
                   relax 
l.39             \Large 课
                         程名称\ \ \underline{\makebox[200pt]{XXXXXXXXXXX}}\\
I wasn't able to read the size data for this font,
so I will ignore the font specification.
[Wizards can fix TFM files using TFtoPL/PLtoTF.]
You might try inserting a different font spec;
e.g., type `I\font<same font id>=<substitute font name>'.

Missing character: There is no 课 (U+8BFE) in font [lmroman12-regular]:mapping=tex-text;!
Missing character: There is no 程 (U+7A0B) in font [lmroman12-regular]:mapping=tex-text;!
Missing character: There is no 名 (U+540D) in font [lmroman12-regular]:mapping=tex-text;!
Missing character: There is no 称 (U+79F0) in font [lmroman12-regular]:mapping=tex-text;!
LaTeX Font Info:    Calculating math sizes for size <14.05249> on input line 39.
LaTeX Font Info:    Trying to load font information for U+msa on input line 39.
(/usr/share/texmf-dist/tex/latex/amsfonts/umsa.fd
File: umsa.fd 2013/01/14 v3.01 AMS symbols A
)
LaTeX Font Info:    Trying to load font information for U+msb on input line 39.
 (/usr/share/texmf-dist/tex/latex/amsfonts/umsb.fd
File: umsb.fd 2013/01/14 v3.01 AMS symbols B
)
Missing character: There is no 作 (U+4F5C) in font [lmroman12-regular]:mapping=tex-text;!
Missing character: There is no 业 (U+4E1A) in font [lmroman12-regular]:mapping=tex-text;!
Missing character: There is no 名 (U+540D) in font [lmroman12-regular]:mapping=tex-text;!
Missing character: There is no 称 (U+79F0) in font [lmroman12-regular]:mapping=tex-text;!
Missing character: There is no 学 (U+5B66) in font [lmroman12-regular]:mapping=tex-text;!
Missing character: There is no 院 (U+9662) in font [lmroman12-regular]:mapping=tex-text;!
Missing character: There is no 计 (U+8BA1) in font [lmroman12-regular]:mapping=tex-text;!
Missing character: There is no 算 (U+7B97) in font [lmroman12-regular]:mapping=tex-text;!
Missing character: There is no 机 (U+673A) in font [lmroman12-regular]:mapping=tex-text;!
Missing character: There is no 与 (U+4E0E) in font [lmroman12-regular]:mapping=tex-text;!
Missing character: There is no 人 (U+4EBA) in font [lmroman12-regular]:mapping=tex-text;!
Missing character: There is no 工 (U+5DE5) in font [lmroman12-regular]:mapping=tex-text;!
Missing character: There is no 智 (U+667A) in font [lmroman12-regular]:mapping=tex-text;!
Missing character: There is no 能 (U+80FD) in font [lmroman12-regular]:mapping=tex-text;!
Missing character: There is no 学 (U+5B66) in font [lmroman12-regular]:mapping=tex-text;!
Missing character: There is no 院 (U+9662) in font [lmroman12-regular]:mapping=tex-text;!
Missing character: There is no 姓 (U+59D3) in font [lmroman12-regular]:mapping=tex-text;!
Missing character: There is no 名 (U+540D) in font [lmroman12-regular]:mapping=tex-text;!
Missing character: There is no 班 (U+73ED) in font [lmroman12-regular]:mapping=tex-text;!
Missing character: There is no 级 (U+7EA7) in font [lmroman12-regular]:mapping=tex-text;!
Missing character: There is no 班 (U+73ED) in font [lmroman12-regular]:mapping=tex-text;!
Missing character: There is no 学 (U+5B66) in font [lmroman12-regular]:mapping=tex-text;!
Missing character: There is no 号 (U+53F7) in font [lmroman12-regular]:mapping=tex-text;!
Missing character: There is no 提 (U+63D0) in font [lmroman12-regular]:mapping=tex-text;!
Missing character: There is no 交 (U+4EA4) in font [lmroman12-regular]:mapping=tex-text;!
Missing character: There is no 时 (U+65F6) in font [lmroman12-regular]:mapping=tex-text;!
Missing character: There is no 间 (U+95F4) in font [lmroman12-regular]:mapping=tex-text;!
Missing character: There is no 年 (U+5E74) in font [lmroman12-regular]:mapping=tex-text;!
Missing character: There is no 月 (U+6708) in font [lmroman12-regular]:mapping=tex-text;!
Missing character: There is no 日 (U+65E5) in font [lmroman12-regular]:mapping=tex-text;!


[0


]

./finalWork_forStudent.tex:67: Package fontspec Error: 
(fontspec)                The font "AdobeHeitiStd-Regular" cannot be found;
(fontspec)                this may be but usually is not a fontspec bug.
(fontspec)                Either there is a typo in the font name/file, the
(fontspec)                font is not installed (correctly), or there is a
(fontspec)                bug in the underlying font loading engine
(fontspec)                (XeTeX/luaotfload).

For immediate help type H <return>.
 ...                                              
                                                  
l.67 \maketitle
               

A font might not be found for many reasons.
 Check the spelling, where the font is installed etc. etc.

 When in doubt, ask someone for help!



Package fontspec Info: 
(fontspec)             Script 'CJK' not explicitly supported within font
(fontspec)             'AdobeHeitiStd-Regular'. Check the typeset output, and
(fontspec)             if it is okay then ignore this warning. Otherwise a
(fontspec)             different font should be chosen.

./finalWork_forStudent.tex:67: Font TU/AdobeHeitiStd-Regular.otf(0)/m/n/24.09=[fonts/zh_CN-Adobe/AdobeHeitiStd-Regular.otf]/OT at 24.09pt not loadable: Metric (TFM) file or installed font not found.
<to be read again> 
                   relax 
l.67 \maketitle
               
I wasn't able to read the size data for this font,
so I will ignore the font specification.
[Wizards can fix TFM files using TFtoPL/PLtoTF.]
You might try inserting a different font spec;
e.g., type `I\font<same font id>=<substitute font name>'.

Missing character: There is no 面 (U+9762) in font [lmsans17-regular]:mapping=tex-text;!
Missing character: There is no 向 (U+5411) in font [lmsans17-regular]:mapping=tex-text;!
Missing character: There is no 多 (U+591A) in font [lmsans17-regular]:mapping=tex-text;!
Missing character: There is no 项 (U+9879) in font [lmsans17-regular]:mapping=tex-text;!
Missing character: There is no 式 (U+5F0F) in font [lmsans17-regular]:mapping=tex-text;!
Missing character: There is no 乘 (U+4E58) in font [lmsans17-regular]:mapping=tex-text;!
Missing character: There is no 法 (U+6CD5) in font [lmsans17-regular]:mapping=tex-text;!
Missing character: There is no 问 (U+95EE) in font [lmsans17-regular]:mapping=tex-text;!
Missing character: There is no 题 (U+9898) in font [lmsans17-regular]:mapping=tex-text;!
Missing character: There is no 的 (U+7684) in font [lmsans17-regular]:mapping=tex-text;!
Missing character: There is no 快 (U+5FEB) in font [lmsans17-regular]:mapping=tex-text;!
Missing character: There is no 速 (U+901F) in font [lmsans17-regular]:mapping=tex-text;!
Missing character: There is no 傅 (U+5085) in font [lmsans17-regular]:mapping=tex-text;!
Missing character: There is no 里 (U+91CC) in font [lmsans17-regular]:mapping=tex-text;!
Missing character: There is no 叶 (U+53F6) in font [lmsans17-regular]:mapping=tex-text;!
Missing character: There is no 变 (U+53D8) in font [lmsans17-regular]:mapping=tex-text;!
Missing character: There is no 换 (U+6362) in font [lmsans17-regular]:mapping=tex-text;!
Missing character: There is no 算 (U+7B97) in font [lmsans17-regular]:mapping=tex-text;!
Missing character: There is no 法 (U+6CD5) in font [lmsans17-regular]:mapping=tex-text;!
Missing character: There is no 设 (U+8BBE) in font [lmsans17-regular]:mapping=tex-text;!
Missing character: There is no 计 (U+8BA1) in font [lmsans17-regular]:mapping=tex-text;!
Missing character: There is no 与 (U+4E0E) in font [lmsans17-regular]:mapping=tex-text;!
Missing character: There is no 分 (U+5206) in font [lmsans17-regular]:mapping=tex-text;!
Missing character: There is no 析 (U+6790) in font [lmsans17-regular]:mapping=tex-text;!
LaTeX Font Info:    Calculating math sizes for size <11.04124> on input line 67.
LaTeX Font Info:    Font shape `TU/lmss/m/it' in size <11.04124> not available
(Font)              Font shape `TU/lmss/m/sl' tried instead on input line 67.
LaTeX Font Info:    Font shape `TU/lmss/m/it' in size <7.72884> not available
(Font)              Font shape `TU/lmss/m/sl' tried instead on input line 67.

LaTeX Font Warning: Font shape `TU/AdobeHeitiStd-Regular.otf(0)/m/it' undefined
(Font)              using `TU/AdobeHeitiStd-Regular.otf(0)/m/n' instead on input line 67.

./finalWork_forStudent.tex:67: Font TU/AdobeHeitiStd-Regular.otf(0)/m/n/11.04124=[fonts/zh_CN-Adobe/AdobeHeitiStd-Regular.otf]/OT at 11.04124pt not loadable: Metric (TFM) file or installed font not found.
<to be read again> 
                   relax 
l.67 \maketitle
               
I wasn't able to read the size data for this font,
so I will ignore the font specification.
[Wizards can fix TFM files using TFtoPL/PLtoTF.]
You might try inserting a different font spec;
e.g., type `I\font<same font id>=<substitute font name>'.

Missing character: There is no 计 (U+8BA1) in font [lmsans12-oblique]:mapping=tex-text;!
Missing character: There is no 算 (U+7B97) in font [lmsans12-oblique]:mapping=tex-text;!
Missing character: There is no 机 (U+673A) in font [lmsans12-oblique]:mapping=tex-text;!
Missing character: There is no 与 (U+4E0E) in font [lmsans12-oblique]:mapping=tex-text;!
Missing character: There is no 人 (U+4EBA) in font [lmsans12-oblique]:mapping=tex-text;!
Missing character: There is no 工 (U+5DE5) in font [lmsans12-oblique]:mapping=tex-text;!
Missing character: There is no 智 (U+667A) in font [lmsans12-oblique]:mapping=tex-text;!
Missing character: There is no 能 (U+80FD) in font [lmsans12-oblique]:mapping=tex-text;!
Missing character: There is no 学 (U+5B66) in font [lmsans12-oblique]:mapping=tex-text;!
Missing character: There is no 院 (U+9662) in font [lmsans12-oblique]:mapping=tex-text;!
./finalWork_forStudent.tex:67: Font TU/AdobeHeitiStd-Regular.otf(0)/m/it/11.04124=[fonts/zh_CN-Adobe/AdobeHeitiStd-Regular.otf]/OT at 11.04124pt not loadable: Metric (TFM) file or installed font not found.
<to be read again> 
                   relax 
l.67 \maketitle
               
I wasn't able to read the size data for this font,
so I will ignore the font specification.
[Wizards can fix TFM files using TFtoPL/PLtoTF.]
You might try inserting a different font spec;
e.g., type `I\font<same font id>=<substitute font name>'.

Missing character: There is no 武 (U+6B66) in font [lmsans12-oblique]:mapping=tex-text;!
Missing character: There is no 汉 (U+6C49) in font [lmsans12-oblique]:mapping=tex-text;!
Missing character: There is no 纺 (U+7EBA) in font [lmsans12-oblique]:mapping=tex-text;!
Missing character: There is no 织 (U+7EC7) in font [lmsans12-oblique]:mapping=tex-text;!
Missing character: There is no 大 (U+5927) in font [lmsans12-oblique]:mapping=tex-text;!
Missing character: There is no 学 (U+5B66) in font [lmsans12-oblique]:mapping=tex-text;!
Missing character: There is no 武 (U+6B66) in font [lmsans12-oblique]:mapping=tex-text;!
Missing character: There is no 汉 (U+6C49) in font [lmsans12-oblique]:mapping=tex-text;!
Missing character: There is no 中 (U+4E2D) in font [lmsans12-oblique]:mapping=tex-text;!
Missing character: There is no 国 (U+56FD) in font [lmsans12-oblique]:mapping=tex-text;!
Missing character: There is no 学 (U+5B66) in font [lmsans12-regular]:mapping=tex-text;!
Missing character: There is no 生 (U+751F) in font [lmsans12-regular]:mapping=tex-text;!
Missing character: There is no 邮 (U+90AE) in font [lmsans12-regular]:mapping=tex-text;!
Missing character: There is no 箱 (U+7BB1) in font [lmsans12-regular]:mapping=tex-text;!
LaTeX Font Info:    Trying to load font information for U+pzd on input line 67.
(/usr/share/texmf-dist/tex/latex/psnfss/upzd.fd
File: upzd.fd 2001/06/04 font definitions for U/pzd.
)
Missing character: There is no 面 (U+9762) in font [lmsans17-regular]:mapping=tex-text;!
Missing character: There is no 向 (U+5411) in font [lmsans17-regular]:mapping=tex-text;!
Missing character: There is no 多 (U+591A) in font [lmsans17-regular]:mapping=tex-text;!
Missing character: There is no 项 (U+9879) in font [lmsans17-regular]:mapping=tex-text;!
Missing character: There is no 式 (U+5F0F) in font [lmsans17-regular]:mapping=tex-text;!
Missing character: There is no 乘 (U+4E58) in font [lmsans17-regular]:mapping=tex-text;!
Missing character: There is no 法 (U+6CD5) in font [lmsans17-regular]:mapping=tex-text;!
Missing character: There is no 问 (U+95EE) in font [lmsans17-regular]:mapping=tex-text;!
Missing character: There is no 题 (U+9898) in font [lmsans17-regular]:mapping=tex-text;!
Missing character: There is no 的 (U+7684) in font [lmsans17-regular]:mapping=tex-text;!
Missing character: There is no 快 (U+5FEB) in font [lmsans17-regular]:mapping=tex-text;!
Missing character: There is no 速 (U+901F) in font [lmsans17-regular]:mapping=tex-text;!
Missing character: There is no 傅 (U+5085) in font [lmsans17-regular]:mapping=tex-text;!
Missing character: There is no 里 (U+91CC) in font [lmsans17-regular]:mapping=tex-text;!
Missing character: There is no 叶 (U+53F6) in font [lmsans17-regular]:mapping=tex-text;!
Missing character: There is no 变 (U+53D8) in font [lmsans17-regular]:mapping=tex-text;!
Missing character: There is no 换 (U+6362) in font [lmsans17-regular]:mapping=tex-text;!
Missing character: There is no 算 (U+7B97) in font [lmsans17-regular]:mapping=tex-text;!
Missing character: There is no 法 (U+6CD5) in font [lmsans17-regular]:mapping=tex-text;!
Missing character: There is no 设 (U+8BBE) in font [lmsans17-regular]:mapping=tex-text;!
Missing character: There is no 计 (U+8BA1) in font [lmsans17-regular]:mapping=tex-text;!
Missing character: There is no 与 (U+4E0E) in font [lmsans17-regular]:mapping=tex-text;!
Missing character: There is no 分 (U+5206) in font [lmsans17-regular]:mapping=tex-text;!
Missing character: There is no 析 (U+6790) in font [lmsans17-regular]:mapping=tex-text;!
Missing character: There is no 计 (U+8BA1) in font [lmsans12-oblique]:mapping=tex-text;!
Missing character: There is no 算 (U+7B97) in font [lmsans12-oblique]:mapping=tex-text;!
Missing character: There is no 机 (U+673A) in font [lmsans12-oblique]:mapping=tex-text;!
Missing character: There is no 与 (U+4E0E) in font [lmsans12-oblique]:mapping=tex-text;!
Missing character: There is no 人 (U+4EBA) in font [lmsans12-oblique]:mapping=tex-text;!
Missing character: There is no 工 (U+5DE5) in font [lmsans12-oblique]:mapping=tex-text;!
Missing character: There is no 智 (U+667A) in font [lmsans12-oblique]:mapping=tex-text;!
Missing character: There is no 能 (U+80FD) in font [lmsans12-oblique]:mapping=tex-text;!
Missing character: There is no 学 (U+5B66) in font [lmsans12-oblique]:mapping=tex-text;!
Missing character: There is no 院 (U+9662) in font [lmsans12-oblique]:mapping=tex-text;!
Missing character: There is no 武 (U+6B66) in font [lmsans12-oblique]:mapping=tex-text;!
Missing character: There is no 汉 (U+6C49) in font [lmsans12-oblique]:mapping=tex-text;!
Missing character: There is no 纺 (U+7EBA) in font [lmsans12-oblique]:mapping=tex-text;!
Missing character: There is no 织 (U+7EC7) in font [lmsans12-oblique]:mapping=tex-text;!
Missing character: There is no 大 (U+5927) in font [lmsans12-oblique]:mapping=tex-text;!
Missing character: There is no 学 (U+5B66) in font [lmsans12-oblique]:mapping=tex-text;!
Missing character: There is no 武 (U+6B66) in font [lmsans12-oblique]:mapping=tex-text;!
Missing character: There is no 汉 (U+6C49) in font [lmsans12-oblique]:mapping=tex-text;!
Missing character: There is no 中 (U+4E2D) in font [lmsans12-oblique]:mapping=tex-text;!
Missing character: There is no 国 (U+56FD) in font [lmsans12-oblique]:mapping=tex-text;!
Missing character: There is no 学 (U+5B66) in font [lmsans12-regular]:mapping=tex-text;!
Missing character: There is no 生 (U+751F) in font [lmsans12-regular]:mapping=tex-text;!
Missing character: There is no 邮 (U+90AE) in font [lmsans12-regular]:mapping=tex-text;!
Missing character: There is no 箱 (U+7BB1) in font [lmsans12-regular]:mapping=tex-text;!
Missing character: There is no 面 (U+9762) in font [lmsans17-regular]:mapping=tex-text;!
Missing character: There is no 向 (U+5411) in font [lmsans17-regular]:mapping=tex-text;!
Missing character: There is no 多 (U+591A) in font [lmsans17-regular]:mapping=tex-text;!
Missing character: There is no 项 (U+9879) in font [lmsans17-regular]:mapping=tex-text;!
Missing character: There is no 式 (U+5F0F) in font [lmsans17-regular]:mapping=tex-text;!
Missing character: There is no 乘 (U+4E58) in font [lmsans17-regular]:mapping=tex-text;!
Missing character: There is no 法 (U+6CD5) in font [lmsans17-regular]:mapping=tex-text;!
Missing character: There is no 问 (U+95EE) in font [lmsans17-regular]:mapping=tex-text;!
Missing character: There is no 题 (U+9898) in font [lmsans17-regular]:mapping=tex-text;!
Missing character: There is no 的 (U+7684) in font [lmsans17-regular]:mapping=tex-text;!
Missing character: There is no 快 (U+5FEB) in font [lmsans17-regular]:mapping=tex-text;!
Missing character: There is no 速 (U+901F) in font [lmsans17-regular]:mapping=tex-text;!
Missing character: There is no 傅 (U+5085) in font [lmsans17-regular]:mapping=tex-text;!
Missing character: There is no 里 (U+91CC) in font [lmsans17-regular]:mapping=tex-text;!
Missing character: There is no 叶 (U+53F6) in font [lmsans17-regular]:mapping=tex-text;!
Missing character: There is no 变 (U+53D8) in font [lmsans17-regular]:mapping=tex-text;!
Missing character: There is no 换 (U+6362) in font [lmsans17-regular]:mapping=tex-text;!
Missing character: There is no 算 (U+7B97) in font [lmsans17-regular]:mapping=tex-text;!
Missing character: There is no 法 (U+6CD5) in font [lmsans17-regular]:mapping=tex-text;!
Missing character: There is no 设 (U+8BBE) in font [lmsans17-regular]:mapping=tex-text;!
Missing character: There is no 计 (U+8BA1) in font [lmsans17-regular]:mapping=tex-text;!
Missing character: There is no 与 (U+4E0E) in font [lmsans17-regular]:mapping=tex-text;!
Missing character: There is no 分 (U+5206) in font [lmsans17-regular]:mapping=tex-text;!
Missing character: There is no 析 (U+6790) in font [lmsans17-regular]:mapping=tex-text;!
Missing character: There is no 计 (U+8BA1) in font [lmsans12-oblique]:mapping=tex-text;!
Missing character: There is no 算 (U+7B97) in font [lmsans12-oblique]:mapping=tex-text;!
Missing character: There is no 机 (U+673A) in font [lmsans12-oblique]:mapping=tex-text;!
Missing character: There is no 与 (U+4E0E) in font [lmsans12-oblique]:mapping=tex-text;!
Missing character: There is no 人 (U+4EBA) in font [lmsans12-oblique]:mapping=tex-text;!
Missing character: There is no 工 (U+5DE5) in font [lmsans12-oblique]:mapping=tex-text;!
Missing character: There is no 智 (U+667A) in font [lmsans12-oblique]:mapping=tex-text;!
Missing character: There is no 能 (U+80FD) in font [lmsans12-oblique]:mapping=tex-text;!
Missing character: There is no 学 (U+5B66) in font [lmsans12-oblique]:mapping=tex-text;!
Missing character: There is no 院 (U+9662) in font [lmsans12-oblique]:mapping=tex-text;!
Missing character: There is no 武 (U+6B66) in font [lmsans12-oblique]:mapping=tex-text;!
Missing character: There is no 汉 (U+6C49) in font [lmsans12-oblique]:mapping=tex-text;!
Missing character: There is no 纺 (U+7EBA) in font [lmsans12-oblique]:mapping=tex-text;!
Missing character: There is no 织 (U+7EC7) in font [lmsans12-oblique]:mapping=tex-text;!
Missing character: There is no 大 (U+5927) in font [lmsans12-oblique]:mapping=tex-text;!
Missing character: There is no 学 (U+5B66) in font [lmsans12-oblique]:mapping=tex-text;!
Missing character: There is no 武 (U+6B66) in font [lmsans12-oblique]:mapping=tex-text;!
Missing character: There is no 汉 (U+6C49) in font [lmsans12-oblique]:mapping=tex-text;!
Missing character: There is no 中 (U+4E2D) in font [lmsans12-oblique]:mapping=tex-text;!
Missing character: There is no 国 (U+56FD) in font [lmsans12-oblique]:mapping=tex-text;!
Missing character: There is no 学 (U+5B66) in font [lmsans12-regular]:mapping=tex-text;!
Missing character: There is no 生 (U+751F) in font [lmsans12-regular]:mapping=tex-text;!
Missing character: There is no 邮 (U+90AE) in font [lmsans12-regular]:mapping=tex-text;!
Missing character: There is no 箱 (U+7BB1) in font [lmsans12-regular]:mapping=tex-text;!
./finalWork_forStudent.tex:76: Font TU/AdobeHeitiStd-Regular.otf(0)/m/n/8.03=[fonts/zh_CN-Adobe/AdobeHeitiStd-Regular.otf]/OT at 8.03pt not loadable: Metric (TFM) file or installed font not found.
<to be read again> 
                   relax 
l.76 \\摘
        要：\\
I wasn't able to read the size data for this font,
so I will ignore the font specification.
[Wizards can fix TFM files using TFtoPL/PLtoTF.]
You might try inserting a different font spec;
e.g., type `I\font<same font id>=<substitute font name>'.

Missing character: There is no 摘 (U+6458) in font [lmsans8-regular]:mapping=tex-text;!
Missing character: There is no 要 (U+8981) in font [lmsans8-regular]:mapping=tex-text;!
Missing character: There is no ： (U+FF1A) in font [lmsans8-regular]:mapping=tex-text;!
Missing character: There is no 散 (U+6563) in font [lmsans8-regular]:mapping=tex-text;!
Missing character: There is no 列 (U+5217) in font [lmsans8-regular]:mapping=tex-text;!
Missing character: There is no 表 (U+8868) in font [lmsans8-regular]:mapping=tex-text;!
Missing character: There is no 是 (U+662F) in font [lmsans8-regular]:mapping=tex-text;!
Missing character: There is no 一 (U+4E00) in font [lmsans8-regular]:mapping=tex-text;!
Missing character: There is no 种 (U+79CD) in font [lmsans8-regular]:mapping=tex-text;!
Missing character: There is no 数 (U+6570) in font [lmsans8-regular]:mapping=tex-text;!
Missing character: There is no 据 (U+636E) in font [lmsans8-regular]:mapping=tex-text;!
Missing character: There is no 结 (U+7ED3) in font [lmsans8-regular]:mapping=tex-text;!
Missing character: There is no 构 (U+6784) in font [lmsans8-regular]:mapping=tex-text;!
Missing character: There is no ， (U+FF0C) in font [lmsans8-regular]:mapping=tex-text;!
Missing character: There is no 关 (U+5173) in font [lmsans8-regular]:mapping=tex-text;!
Missing character: There is no 键 (U+952E) in font [lmsans8-regular]:mapping=tex-text;!
Missing character: There is no 字 (U+5B57) in font [lmsans8-regular]:mapping=tex-text;!
Missing character: There is no ： (U+FF1A) in font [lmsans8-regular]:mapping=tex-text;!
Missing character: There is no 地 (U+5730) in font [lmsans8-regular]:mapping=tex-text;!
Missing character: There is no 址 (U+5740) in font [lmsans8-regular]:mapping=tex-text;!
Missing character: There is no 后 (U+540E) in font [lmsans8-regular]:mapping=tex-text;!
Missing character: There is no 继 (U+7EE7) in font [lmsans8-regular]:mapping=tex-text;!
Missing character: There is no 查 (U+67E5) in font [lmsans8-regular]:mapping=tex-text;!
Missing character: There is no 找 (U+627E) in font [lmsans8-regular]:mapping=tex-text;!
Missing character: There is no 树 (U+6811) in font [lmsans8-regular]:mapping=tex-text;!
Missing character: There is no 数 (U+6570) in font [lmsans8-regular]:mapping=tex-text;!
Missing character: There is no 据 (U+636E) in font [lmsans8-regular]:mapping=tex-text;!
Missing character: There is no 结 (U+7ED3) in font [lmsans8-regular]:mapping=tex-text;!
Missing character: There is no 构 (U+6784) in font [lmsans8-regular]:mapping=tex-text;!

LaTeX Font Warning: Font shape `TU/lmss/bx/sc' undefined
(Font)              using `TU/lmss/bx/n' instead on input line 85.


LaTeX Font Warning: Font shape `TU/AdobeHeitiStd-Regular.otf(0)/b/sc' undefined
(Font)              using `TU/AdobeHeitiStd-Regular.otf(0)/m/n' instead on input line 85.

Missing character: There is no 引 (U+5F15) in font [lmsans10-bold]:mapping=tex-text;!
Missing character: There is no 言 (U+8A00) in font [lmsans10-bold]:mapping=tex-text;!
./finalWork_forStudent.tex:87: Font TU/AdobeKaitiStd-Regular.otf(0)/m/n/9.53561=[fonts/zh_CN-Adobe/AdobeKaitiStd-Regular.otf]/OT at 9.53561pt not loadable: Metric (TFM) file or installed font not found.
<to be read again> 
                   relax 
l.87 文
      献\cite{AMaratea}中的字典问题出现在很多现实场景中，
I wasn't able to read the size data for this font,
so I will ignore the font specification.
[Wizards can fix TFM files using TFtoPL/PLtoTF.]
You might try inserting a different font spec;
e.g., type `I\font<same font id>=<substitute font name>'.

Missing character: There is no 文 (U+6587) in font [lmroman10-regular]:mapping=tex-text;!
Missing character: There is no 献 (U+732E) in font [lmroman10-regular]:mapping=tex-text;!

LaTeX Warning: Citation `AMaratea' on page 1 undefined on input line 87.

Missing character: There is no 中 (U+4E2D) in font [lmroman10-regular]:mapping=tex-text;!
Missing character: There is no 的 (U+7684) in font [lmroman10-regular]:mapping=tex-text;!
Missing character: There is no 字 (U+5B57) in font [lmroman10-regular]:mapping=tex-text;!
Missing character: There is no 典 (U+5178) in font [lmroman10-regular]:mapping=tex-text;!
Missing character: There is no 问 (U+95EE) in font [lmroman10-regular]:mapping=tex-text;!
Missing character: There is no 题 (U+9898) in font [lmroman10-regular]:mapping=tex-text;!
Missing character: There is no 出 (U+51FA) in font [lmroman10-regular]:mapping=tex-text;!
Missing character: There is no 现 (U+73B0) in font [lmroman10-regular]:mapping=tex-text;!
Missing character: There is no 在 (U+5728) in font [lmroman10-regular]:mapping=tex-text;!
Missing character: There is no 很 (U+5F88) in font [lmroman10-regular]:mapping=tex-text;!
Missing character: There is no 多 (U+591A) in font [lmroman10-regular]:mapping=tex-text;!
Missing character: There is no 现 (U+73B0) in font [lmroman10-regular]:mapping=tex-text;!
Missing character: There is no 实 (U+5B9E) in font [lmroman10-regular]:mapping=tex-text;!
Missing character: There is no 场 (U+573A) in font [lmroman10-regular]:mapping=tex-text;!
Missing character: There is no 景 (U+666F) in font [lmroman10-regular]:mapping=tex-text;!
Missing character: There is no 中 (U+4E2D) in font [lmroman10-regular]:mapping=tex-text;!
Missing character: There is no ， (U+FF0C) in font [lmroman10-regular]:mapping=tex-text;!
./finalWork_forStudent.tex:92: Font TU/AdobeHeitiStd-Regular.otf(0)/b/sc/11.04124=[fonts/zh_CN-Adobe/AdobeHeitiStd-Regular.otf]/OT at 11.04124pt not loadable: Metric (TFM) file or installed font not found.
<to be read again> 
                   relax 
l.92 \section{相关工作}
                   
I wasn't able to read the size data for this font,
so I will ignore the font specification.
[Wizards can fix TFM files using TFtoPL/PLtoTF.]
You might try inserting a different font spec;
e.g., type `I\font<same font id>=<substitute font name>'.

Missing character: There is no 相 (U+76F8) in font [lmsans10-bold]:mapping=tex-text;!
Missing character: There is no 关 (U+5173) in font [lmsans10-bold]:mapping=tex-text;!
Missing character: There is no 工 (U+5DE5) in font [lmsans10-bold]:mapping=tex-text;!
Missing character: There is no 作 (U+4F5C) in font [lmsans10-bold]:mapping=tex-text;!

LaTeX Font Warning: Font shape `TU/AdobeHeitiStd-Regular.otf(0)/b/n' undefined
(Font)              using `TU/AdobeHeitiStd-Regular.otf(0)/m/n' instead on input line 96.

./finalWork_forStudent.tex:96: Font TU/AdobeHeitiStd-Regular.otf(0)/m/n/9.53561=[fonts/zh_CN-Adobe/AdobeHeitiStd-Regular.otf]/OT at 9.53561pt not loadable: Metric (TFM) file or installed font not found.
<to be read again> 
                   relax 
l.96 \subsection{字典问题}
                      
I wasn't able to read the size data for this font,
so I will ignore the font specification.
[Wizards can fix TFM files using TFtoPL/PLtoTF.]
You might try inserting a different font spec;
e.g., type `I\font<same font id>=<substitute font name>'.

Missing character: There is no 字 (U+5B57) in font [lmsans10-bold]:mapping=tex-text;!
Missing character: There is no 典 (U+5178) in font [lmsans10-bold]:mapping=tex-text;!
Missing character: There is no 问 (U+95EE) in font [lmsans10-bold]:mapping=tex-text;!
Missing character: There is no 题 (U+9898) in font [lmsans10-bold]:mapping=tex-text;!
./finalWork_forStudent.tex:98: Font TU/AdobeHeitiStd-Regular.otf(0)/b/n/9.53561=[fonts/zh_CN-Adobe/AdobeHeitiStd-Regular.otf]/OT at 9.53561pt not loadable: Metric (TFM) file or installed font not found.
<to be read again> 
                   relax 
l.98 \subsection{字典问题}
                      
I wasn't able to read the size data for this font,
so I will ignore the font specification.
[Wizards can fix TFM files using TFtoPL/PLtoTF.]
You might try inserting a different font spec;
e.g., type `I\font<same font id>=<substitute font name>'.

Missing character: There is no 字 (U+5B57) in font [lmsans10-bold]:mapping=tex-text;!
Missing character: There is no 典 (U+5178) in font [lmsans10-bold]:mapping=tex-text;!
Missing character: There is no 问 (U+95EE) in font [lmsans10-bold]:mapping=tex-text;!
Missing character: There is no 题 (U+9898) in font [lmsans10-bold]:mapping=tex-text;!
Missing character: There is no 字 (U+5B57) in font [lmsans10-bold]:mapping=tex-text;!
Missing character: There is no 典 (U+5178) in font [lmsans10-bold]:mapping=tex-text;!
Missing character: There is no 问 (U+95EE) in font [lmsans10-bold]:mapping=tex-text;!
Missing character: There is no 题 (U+9898) in font [lmsans10-bold]:mapping=tex-text;!
Missing character: There is no 如 (U+5982) in font [lmroman10-regular]:mapping=tex-text;!
Missing character: There is no 图 (U+56FE) in font [lmroman10-regular]:mapping=tex-text;!
Missing character: There is no 所 (U+6240) in font [lmroman10-regular]:mapping=tex-text;!
Missing character: There is no 示 (U+793A) in font [lmroman10-regular]:mapping=tex-text;!
Missing character: There is no ， (U+FF0C) in font [lmroman10-regular]:mapping=tex-text;!

LaTeX Warning: File `figure_eps/散列表.png' not found on input line 104.

./finalWork_forStudent.tex:104: Unable to load picture or PDF file 'figure_eps/散列表.png'.
<to be read again> 
                   }
l.104 ...raphics[width=3.5in]{figure_eps/散列表.png}}
                                                  
The requested image couldn't be read because
it was not a recognized image format.


./finalWork_forStudent.tex:104: Package graphics Error: Division by 0.

See the graphics package documentation for explanation.
Type  H <return>  for immediate help.
 ...                                              
                                                  
l.104 ...raphics[width=3.5in]{figure_eps/散列表.png}}
                                                  
Your command was ignored.
Type  I <command> <return>  to replace it with another command,
or  <return>  to continue without it.

File: figure_eps/散列表.png Graphic file (type bmp)
<figure_eps/散列表.png>
Missing character: There is no 散 (U+6563) in font [lmsans8-regular]:mapping=tex-text;!
Missing character: There is no 列 (U+5217) in font [lmsans8-regular]:mapping=tex-text;!
Missing character: There is no 链 (U+94FE) in font [lmsans8-regular]:mapping=tex-text;!
Missing character: There is no 表 (U+8868) in font [lmsans8-regular]:mapping=tex-text;!
Missing character: There is no 完 (U+5B8C) in font [lmsans10-bold]:mapping=tex-text;!
Missing character: There is no 全 (U+5168) in font [lmsans10-bold]:mapping=tex-text;!
Missing character: There is no 散 (U+6563) in font [lmsans10-bold]:mapping=tex-text;!
Missing character: There is no 列 (U+5217) in font [lmsans10-bold]:mapping=tex-text;!
Missing character: There is no 算 (U+7B97) in font [lmsans10-bold]:mapping=tex-text;!
Missing character: There is no 法 (U+6CD5) in font [lmsans10-bold]:mapping=tex-text;!
Missing character: There is no 动 (U+52A8) in font [lmsans10-bold]:mapping=tex-text;!
Missing character: There is no 机 (U+673A) in font [lmsans10-bold]:mapping=tex-text;!
Missing character: There is no 完 (U+5B8C) in font [lmsans10-bold]:mapping=tex-text;!
Missing character: There is no 全 (U+5168) in font [lmsans10-bold]:mapping=tex-text;!
Missing character: There is no 散 (U+6563) in font [lmsans10-bold]:mapping=tex-text;!
Missing character: There is no 列 (U+5217) in font [lmsans10-bold]:mapping=tex-text;!
Missing character: There is no 算 (U+7B97) in font [lmsans10-bold]:mapping=tex-text;!
Missing character: There is no 法 (U+6CD5) in font [lmsans10-bold]:mapping=tex-text;!
LaTeX Font Info:    Font shape `TU/lmss/m/it' in size <9.53561> not available
(Font)              Font shape `TU/lmss/m/sl' tried instead on input line 120.
./finalWork_forStudent.tex:120: Font TU/AdobeHeitiStd-Regular.otf(0)/m/it/9.53561=[fonts/zh_CN-Adobe/AdobeHeitiStd-Regular.otf]/OT at 9.53561pt not loadable: Metric (TFM) file or installed font not found.
<to be read again> 
                   relax 
l.120 \subsubsection{全域散列簇}
                           
I wasn't able to read the size data for this font,
so I will ignore the font specification.
[Wizards can fix TFM files using TFtoPL/PLtoTF.]
You might try inserting a different font spec;
e.g., type `I\font<same font id>=<substitute font name>'.

Missing character: There is no 全 (U+5168) in font [lmsans10-oblique]:mapping=tex-text;!
Missing character: There is no 域 (U+57DF) in font [lmsans10-oblique]:mapping=tex-text;!
Missing character: There is no 散 (U+6563) in font [lmsans10-oblique]:mapping=tex-text;!
Missing character: There is no 列 (U+5217) in font [lmsans10-oblique]:mapping=tex-text;!
Missing character: There is no 簇 (U+7C07) in font [lmsans10-oblique]:mapping=tex-text;!
Missing character: There is no 二 (U+4E8C) in font [lmsans10-oblique]:mapping=tex-text;!
Missing character: There is no 级 (U+7EA7) in font [lmsans10-oblique]:mapping=tex-text;!
Missing character: There is no 散 (U+6563) in font [lmsans10-oblique]:mapping=tex-text;!
Missing character: There is no 列 (U+5217) in font [lmsans10-oblique]:mapping=tex-text;!
Missing character: There is no 表 (U+8868) in font [lmsans10-oblique]:mapping=tex-text;!
Missing character: There is no 的 (U+7684) in font [lmsans10-oblique]:mapping=tex-text;!
Missing character: There is no 数 (U+6570) in font [lmsans10-oblique]:mapping=tex-text;!
Missing character: There is no 据 (U+636E) in font [lmsans10-oblique]:mapping=tex-text;!
Missing character: There is no 结 (U+7ED3) in font [lmsans10-oblique]:mapping=tex-text;!
Missing character: There is no 构 (U+6784) in font [lmsans10-oblique]:mapping=tex-text;!
Missing character: There is no 完 (U+5B8C) in font [lmsans10-oblique]:mapping=tex-text;!
Missing character: There is no 全 (U+5168) in font [lmsans10-oblique]:mapping=tex-text;!
Missing character: There is no 散 (U+6563) in font [lmsans10-oblique]:mapping=tex-text;!
Missing character: There is no 列 (U+5217) in font [lmsans10-oblique]:mapping=tex-text;!
Missing character: There is no 算 (U+7B97) in font [lmsans10-oblique]:mapping=tex-text;!
Missing character: There is no 法 (U+6CD5) in font [lmsans10-oblique]:mapping=tex-text;!
Missing character: There is no 如 (U+5982) in font [lmroman10-regular]:mapping=tex-text;!
Missing character: There is no 算 (U+7B97) in font [lmroman10-regular]:mapping=tex-text;!
Missing character: There is no 法 (U+6CD5) in font [lmroman10-regular]:mapping=tex-text;!
Missing character: There is no 所 (U+6240) in font [lmroman10-regular]:mapping=tex-text;!
Missing character: There is no 示 (U+793A) in font [lmroman10-regular]:mapping=tex-text;!
Missing character: There is no ， (U+FF0C) in font [lmroman10-regular]:mapping=tex-text;!
./finalWork_forStudent.tex:136: Font TU/AdobeSongStd-Light.otf(0)/m/n/7.02625=[fonts/zh_CN-Adobe/AdobeSongStd-Light.otf]/OT at 7.02625pt not loadable: Metric (TFM) file or installed font not found.
<to be read again> 
                   relax 
l.136 \STATE /* 查
                 找后继 */
I wasn't able to read the size data for this font,
so I will ignore the font specification.
[Wizards can fix TFM files using TFtoPL/PLtoTF.]
You might try inserting a different font spec;
e.g., type `I\font<same font id>=<substitute font name>'.

Missing character: There is no 查 (U+67E5) in font [lmroman7-regular]:mapping=tex-text;!
Missing character: There is no 找 (U+627E) in font [lmroman7-regular]:mapping=tex-text;!
Missing character: There is no 后 (U+540E) in font [lmroman7-regular]:mapping=tex-text;!
Missing character: There is no 继 (U+7EE7) in font [lmroman7-regular]:mapping=tex-text;!
LaTeX Font Info:    Calculating math sizes for size <7.02625> on input line 137.
Missing character: There is no 表 (U+8868) in font [lmroman7-regular]:mapping=tex-text;!
Missing character: There is no 示 (U+793A) in font [lmroman7-regular]:mapping=tex-text;!
Missing character: There is no 树 (U+6811) in font [lmroman7-regular]:mapping=tex-text;!
Missing character: There is no 表 (U+8868) in font [lmroman7-regular]:mapping=tex-text;!
Missing character: There is no 示 (U+793A) in font [lmroman7-regular]:mapping=tex-text;!
Missing character: There is no 插 (U+63D2) in font [lmroman7-regular]:mapping=tex-text;!
Missing character: There is no 入 (U+5165) in font [lmroman7-regular]:mapping=tex-text;!
Missing character: There is no 的 (U+7684) in font [lmroman7-regular]:mapping=tex-text;!
Missing character: There is no 元 (U+5143) in font [lmroman7-regular]:mapping=tex-text;!
Missing character: There is no 素 (U+7D20) in font [lmroman7-regular]:mapping=tex-text;!


Missing character: There is no 理 (U+7406) in font [lmsans10-bold]:mapping=tex-text;!
Missing character: There is no 论 (U+8BBA) in font [lmsans10-bold]:mapping=tex-text;!
Missing character: There is no 分 (U+5206) in font [lmsans10-bold]:mapping=tex-text;!
Missing character: There is no 析 (U+6790) in font [lmsans10-bold]:mapping=tex-text;!
Missing character: There is no 如 (U+5982) in font [lmroman10-regular]:mapping=tex-text;!
Missing character: There is no 公 (U+516C) in font [lmroman10-regular]:mapping=tex-text;!
Missing character: There is no 式 (U+5F0F) in font [lmroman10-regular]:mapping=tex-text;!
Missing character: There is no 所 (U+6240) in font [lmroman10-regular]:mapping=tex-text;!
Missing character: There is no 示 (U+793A) in font [lmroman10-regular]:mapping=tex-text;!
Missing character: There is no ， (U+FF0C) in font [lmroman10-regular]:mapping=tex-text;!

Underfull \hbox (badness 10000) in paragraph at lines 166--167

 []

LaTeX Font Info:    Calculating math sizes for size <9.53561> on input line 168.
Missing character: There is no 实 (U+5B9E) in font [lmsans10-bold]:mapping=tex-text;!
Missing character: There is no 验 (U+9A8C) in font [lmsans10-bold]:mapping=tex-text;!
Missing character: There is no 结 (U+7ED3) in font [lmsans10-bold]:mapping=tex-text;!
Missing character: There is no 果 (U+679C) in font [lmsans10-bold]:mapping=tex-text;!
Missing character: There is no 实 (U+5B9E) in font [lmsans10-bold]:mapping=tex-text;!
Missing character: There is no 验 (U+9A8C) in font [lmsans10-bold]:mapping=tex-text;!
Missing character: There is no 设 (U+8BBE) in font [lmsans10-bold]:mapping=tex-text;!
Missing character: There is no 计 (U+8BA1) in font [lmsans10-bold]:mapping=tex-text;!
Missing character: There is no 以 (U+4EE5) in font [lmsans10-bold]:mapping=tex-text;!
Missing character: There is no 及 (U+53CA) in font [lmsans10-bold]:mapping=tex-text;!
Missing character: There is no 源 (U+6E90) in font [lmsans10-bold]:mapping=tex-text;!
Missing character: There is no 代 (U+4EE3) in font [lmsans10-bold]:mapping=tex-text;!
Missing character: There is no 码 (U+7801) in font [lmsans10-bold]:mapping=tex-text;!
Missing character: There is no 对 (U+5BF9) in font [lmsans10-bold]:mapping=tex-text;!
Missing character: There is no 应 (U+5E94) in font [lmsans10-bold]:mapping=tex-text;!
Missing character: There is no 函 (U+51FD) in font [lmsans10-bold]:mapping=tex-text;!
Missing character: There is no 数 (U+6570) in font [lmsans10-bold]:mapping=tex-text;!
Missing character: There is no 对 (U+5BF9) in font [lmsans10-bold]:mapping=tex-text;!
Missing character: There is no 比 (U+6BD4) in font [lmsans10-bold]:mapping=tex-text;!
Missing character: There is no 讨 (U+8BA8) in font [lmsans10-bold]:mapping=tex-text;!
Missing character: There is no 论 (U+8BBA) in font [lmsans10-bold]:mapping=tex-text;!
Missing character: There is no 总 (U+603B) in font [lmsans10-bold]:mapping=tex-text;!
Missing character: There is no 结 (U+7ED3) in font [lmsans10-bold]:mapping=tex-text;!
No file finalWork_forStudent.bbl.


[1


] (./finalWork_forStudent.aux)
 ***********
LaTeX2e <2024-11-01> patch level 2
L3 programming layer <2022/08/05>
 ***********


LaTeX Font Warning: Some font shapes were not available, defaults substituted.


LaTeX Warning: There were undefined references.

 ) 
Here is how much of TeX's memory you used:
 8534 strings out of 475848
 212867 string characters out of 5776012
 635862 words of memory out of 5000000
 31313 multiletter control sequences out of 15000+600000
 570945 words of font info for 146 fonts, out of 8000000 for 9000
 14 hyphenation exceptions out of 8191
 94i,11n,107p,298b,599s stack positions out of 10000i,1000n,20000p,200000b,200000s

Output written on finalWork_forStudent.xdv (2 pages, 17648 bytes).
